Archive member included because of file (symbol)

c:/winavr-20100110/bin/../lib/gcc/avr/4.3.3/avr4\libgcc.a(_mulsi3.o)
                              gestion_H.o (__mulsi3)
c:/winavr-20100110/bin/../lib/gcc/avr/4.3.3/avr4\libgcc.a(_udivmodqi4.o)
                              gestion_H.o (__udivmodqi4)
c:/winavr-20100110/bin/../lib/gcc/avr/4.3.3/avr4\libgcc.a(_exit.o)
                              c:/winavr-20100110/bin/../lib/gcc/avr/4.3.3/../../../../avr/lib/avr4/crtm88.o (exit)
c:/winavr-20100110/bin/../lib/gcc/avr/4.3.3/avr4\libgcc.a(_copy_data.o)
                              devices_all.o (__do_copy_data)
c:/winavr-20100110/bin/../lib/gcc/avr/4.3.3/avr4\libgcc.a(_clear_bss.o)
                              main.o (__do_clear_bss)

Allocating common symbols
Common symbol       size              file

listTemp            0x2               main.o
listHum             0x3               main.o
dev_test_access     0x1               main.o

Memory Configuration

Name             Origin             Length             Attributes
text             0x00000000         0x00002000         xr
data             0x00800060         0x0000ffa0         rw !x
eeprom           0x00810000         0x00010000         rw !x
fuse             0x00820000         0x00000400         rw !x
lock             0x00830000         0x00000400         rw !x
signature        0x00840000         0x00000400         rw !x
*default*        0x00000000         0xffffffff

Linker script and memory map

Address of section .data set to 0x800100
LOAD c:/winavr-20100110/bin/../lib/gcc/avr/4.3.3/../../../../avr/lib/avr4/crtm88.o
LOAD I2Cmaster.o
LOAD main.o
LOAD uart.o
LOAD DS7505.o
LOAD SHT21.o
LOAD gestion_H.o
LOAD gestion_T.o
LOAD devices_all.o
LOAD c:/winavr-20100110/bin/../lib/gcc/avr/4.3.3/avr4\libgcc.a
LOAD c:/winavr-20100110/bin/../lib/gcc/avr/4.3.3/../../../../avr/lib/avr4\libc.a
LOAD c:/winavr-20100110/bin/../lib/gcc/avr/4.3.3/avr4\libgcc.a

.hash
 *(.hash)

.dynsym
 *(.dynsym)

.dynstr
 *(.dynstr)

.gnu.version
 *(.gnu.version)

.gnu.version_d
 *(.gnu.version_d)

.gnu.version_r
 *(.gnu.version_r)

.rel.init
 *(.rel.init)

.rela.init
 *(.rela.init)

.rel.text
 *(.rel.text)
 *(.rel.text.*)
 *(.rel.gnu.linkonce.t*)

.rela.text
 *(.rela.text)
 *(.rela.text.*)
 *(.rela.gnu.linkonce.t*)

.rel.fini
 *(.rel.fini)

.rela.fini
 *(.rela.fini)

.rel.rodata
 *(.rel.rodata)
 *(.rel.rodata.*)
 *(.rel.gnu.linkonce.r*)

.rela.rodata
 *(.rela.rodata)
 *(.rela.rodata.*)
 *(.rela.gnu.linkonce.r*)

.rel.data
 *(.rel.data)
 *(.rel.data.*)
 *(.rel.gnu.linkonce.d*)

.rela.data
 *(.rela.data)
 *(.rela.data.*)
 *(.rela.gnu.linkonce.d*)

.rel.ctors
 *(.rel.ctors)

.rela.ctors
 *(.rela.ctors)

.rel.dtors
 *(.rel.dtors)

.rela.dtors
 *(.rela.dtors)

.rel.got
 *(.rel.got)

.rela.got
 *(.rela.got)

.rel.bss
 *(.rel.bss)

.rela.bss
 *(.rela.bss)

.rel.plt
 *(.rel.plt)

.rela.plt
 *(.rela.plt)

.text           0x00000000      0x97a
 *(.vectors)
 .vectors       0x00000000       0x34 c:/winavr-20100110/bin/../lib/gcc/avr/4.3.3/../../../../avr/lib/avr4/crtm88.o
                0x00000000                __vectors
                0x00000000                __vector_default
 *(.vectors)
 *(.progmem.gcc*)
 *(.progmem*)
                0x00000034                . = ALIGN (0x2)
                0x00000034                __trampolines_start = .
 *(.trampolines)
 .trampolines   0x00000034        0x0 linker stubs
 *(.trampolines*)
                0x00000034                __trampolines_end = .
 *(.jumptables)
 *(.jumptables*)
 *(.lowtext)
 *(.lowtext*)
                0x00000034                __ctors_start = .
 *(.ctors)
                0x00000034                __ctors_end = .
                0x00000034                __dtors_start = .
 *(.dtors)
                0x00000034                __dtors_end = .
 SORT(*)(.ctors)
 SORT(*)(.dtors)
 *(.init0)
 .init0         0x00000034        0x0 c:/winavr-20100110/bin/../lib/gcc/avr/4.3.3/../../../../avr/lib/avr4/crtm88.o
                0x00000034                __init
 *(.init0)
 *(.init1)
 *(.init1)
 *(.init2)
 .init2         0x00000034        0xc c:/winavr-20100110/bin/../lib/gcc/avr/4.3.3/../../../../avr/lib/avr4/crtm88.o
 *(.init2)
 *(.init3)
 *(.init3)
 *(.init4)
 .init4         0x00000040       0x16 c:/winavr-20100110/bin/../lib/gcc/avr/4.3.3/avr4\libgcc.a(_copy_data.o)
                0x00000040                __do_copy_data
 .init4         0x00000056       0x10 c:/winavr-20100110/bin/../lib/gcc/avr/4.3.3/avr4\libgcc.a(_clear_bss.o)
                0x00000056                __do_clear_bss
 *(.init4)
 *(.init5)
 *(.init5)
 *(.init6)
 *(.init6)
 *(.init7)
 *(.init7)
 *(.init8)
 *(.init8)
 *(.init9)
 .init9         0x00000066        0x4 c:/winavr-20100110/bin/../lib/gcc/avr/4.3.3/../../../../avr/lib/avr4/crtm88.o
 *(.init9)
 *(.text)
 .text          0x0000006a        0x2 c:/winavr-20100110/bin/../lib/gcc/avr/4.3.3/../../../../avr/lib/avr4/crtm88.o
                0x0000006a                __vector_22
                0x0000006a                __vector_1
                0x0000006a                __vector_24
                0x0000006a                __vector_12
                0x0000006a                __bad_interrupt
                0x0000006a                __vector_6
                0x0000006a                __vector_3
                0x0000006a                __vector_23
                0x0000006a                __vector_25
                0x0000006a                __vector_11
                0x0000006a                __vector_13
                0x0000006a                __vector_17
                0x0000006a                __vector_19
                0x0000006a                __vector_7
                0x0000006a                __vector_5
                0x0000006a                __vector_4
                0x0000006a                __vector_9
                0x0000006a                __vector_2
                0x0000006a                __vector_21
                0x0000006a                __vector_15
                0x0000006a                __vector_8
                0x0000006a                __vector_14
                0x0000006a                __vector_10
                0x0000006a                __vector_16
                0x0000006a                __vector_20
 .text          0x0000006c      0x108 I2Cmaster.o
                0x00000128                i2c_write
                0x00000160                i2c_readNak
                0x0000014c                i2c_readAck
                0x00000114                i2c_rep_start
                0x00000078                i2c_start
                0x00000118                i2c_stop
                0x000000c4                i2c_start_wait
                0x0000006c                i2c_init
 .text          0x00000174      0x1f6 main.o
                0x00000174                init
                0x00000340                main
                0x0000018c                __vector_18
 .text          0x0000036a       0x8c uart.o
                0x000003d8                USART_TX_Msg
                0x0000036a                USART_Init
                0x00000386                USART_Transmit
                0x000003ba                USART_TX_CRNL
                0x000003de                Enable_Interrupt_On_RX
                0x000003a4                USART_TX_String
                0x000003ea                Disable_Interrupt_On_RX
                0x00000396                USART_Receive
 .text          0x000003f6       0x66 DS7505.o
                0x0000041c                get_DS7505_Devices
                0x000003f6                initDS7505
 .text          0x0000045c       0x8e SHT21.o
                0x000004a8                get_SHT21_Devices
                0x0000047c                initSHT21
                0x0000045c                SHT21_SoftReset
 .text          0x000004ea       0x4e gestion_H.o
                0x00000522                stringHum
                0x000004ea                convertHum
 .text          0x00000538       0xbe gestion_T.o
                0x00000580                stringTemp
                0x00000538                convertTemp
 .text          0x000005f6      0x32a devices_all.o
                0x00000906                debug_cmd
                0x000007f4                init_sensors
                0x000005f6                hexaToAscii
                0x0000077e                unknown_cmd
                0x000007b0                testDevice
                0x00000794                welcomeMsg
                0x00000634                hum_cmd
                0x0000068e                detectSensor_cmd
                0x000007be                detectAllSensors_cmd
                0x000006dc                temp_cmd
                0x000006ba                showDetectedSensor
 .text          0x00000920        0x0 c:/winavr-20100110/bin/../lib/gcc/avr/4.3.3/avr4\libgcc.a(_mulsi3.o)
 .text          0x00000920        0x0 c:/winavr-20100110/bin/../lib/gcc/avr/4.3.3/avr4\libgcc.a(_udivmodqi4.o)
 .text          0x00000920        0x0 c:/winavr-20100110/bin/../lib/gcc/avr/4.3.3/avr4\libgcc.a(_exit.o)
 .text          0x00000920        0x0 c:/winavr-20100110/bin/../lib/gcc/avr/4.3.3/avr4\libgcc.a(_copy_data.o)
 .text          0x00000920        0x0 c:/winavr-20100110/bin/../lib/gcc/avr/4.3.3/avr4\libgcc.a(_clear_bss.o)
                0x00000920                . = ALIGN (0x2)
 *(.text.*)
 .text.libgcc   0x00000920       0x3e c:/winavr-20100110/bin/../lib/gcc/avr/4.3.3/avr4\libgcc.a(_mulsi3.o)
                0x00000920                __mulsi3
 .text.libgcc   0x0000095e       0x18 c:/winavr-20100110/bin/../lib/gcc/avr/4.3.3/avr4\libgcc.a(_udivmodqi4.o)
                0x0000095e                __udivmodqi4
 .text.libgcc   0x00000976        0x0 c:/winavr-20100110/bin/../lib/gcc/avr/4.3.3/avr4\libgcc.a(_exit.o)
 .text.libgcc   0x00000976        0x0 c:/winavr-20100110/bin/../lib/gcc/avr/4.3.3/avr4\libgcc.a(_copy_data.o)
 .text.libgcc   0x00000976        0x0 c:/winavr-20100110/bin/../lib/gcc/avr/4.3.3/avr4\libgcc.a(_clear_bss.o)
                0x00000976                . = ALIGN (0x2)
 *(.fini9)
 .fini9         0x00000976        0x0 c:/winavr-20100110/bin/../lib/gcc/avr/4.3.3/avr4\libgcc.a(_exit.o)
                0x00000976                exit
                0x00000976                _exit
 *(.fini9)
 *(.fini8)
 *(.fini8)
 *(.fini7)
 *(.fini7)
 *(.fini6)
 *(.fini6)
 *(.fini5)
 *(.fini5)
 *(.fini4)
 *(.fini4)
 *(.fini3)
 *(.fini3)
 *(.fini2)
 *(.fini2)
 *(.fini1)
 *(.fini1)
 *(.fini0)
 .fini0         0x00000976        0x4 c:/winavr-20100110/bin/../lib/gcc/avr/4.3.3/avr4\libgcc.a(_exit.o)
 *(.fini0)
                0x0000097a                _etext = .

.data           0x00800100      0x2fe load address 0x0000097a
                0x00800100                PROVIDE (__data_start, .)
 *(.data)
 .data          0x00800100        0x0 c:/winavr-20100110/bin/../lib/gcc/avr/4.3.3/../../../../avr/lib/avr4/crtm88.o
 .data          0x00800100        0x0 I2Cmaster.o
 .data          0x00800100        0x0 main.o
 .data          0x00800100        0x0 uart.o
 .data          0x00800100        0x0 DS7505.o
 .data          0x00800100        0x0 SHT21.o
 .data          0x00800100        0x0 gestion_H.o
 .data          0x00800100        0x0 gestion_T.o
 .data          0x00800100      0x2fd devices_all.o
 .data          0x008003fd        0x0 c:/winavr-20100110/bin/../lib/gcc/avr/4.3.3/avr4\libgcc.a(_mulsi3.o)
 .data          0x008003fd        0x0 c:/winavr-20100110/bin/../lib/gcc/avr/4.3.3/avr4\libgcc.a(_udivmodqi4.o)
 .data          0x008003fd        0x0 c:/winavr-20100110/bin/../lib/gcc/avr/4.3.3/avr4\libgcc.a(_exit.o)
 .data          0x008003fd        0x0 c:/winavr-20100110/bin/../lib/gcc/avr/4.3.3/avr4\libgcc.a(_copy_data.o)
 .data          0x008003fd        0x0 c:/winavr-20100110/bin/../lib/gcc/avr/4.3.3/avr4\libgcc.a(_clear_bss.o)
 *(.data*)
 *(.rodata)
 *(.rodata*)
 *(.gnu.linkonce.d*)
                0x008003fe                . = ALIGN (0x2)
 *fill*         0x008003fd        0x1 00
                0x008003fe                _edata = .
                0x008003fe                PROVIDE (__data_end, .)

.bss            0x008003fe        0x8
                0x008003fe                PROVIDE (__bss_start, .)
 *(.bss)
 .bss           0x008003fe        0x0 c:/winavr-20100110/bin/../lib/gcc/avr/4.3.3/../../../../avr/lib/avr4/crtm88.o
 .bss           0x008003fe        0x0 I2Cmaster.o
 .bss           0x008003fe        0x1 main.o
                0x008003fe                bufUSART_RX
 .bss           0x008003ff        0x0 uart.o
 .bss           0x008003ff        0x0 DS7505.o
 .bss           0x008003ff        0x0 SHT21.o
 .bss           0x008003ff        0x0 gestion_H.o
 .bss           0x008003ff        0x0 gestion_T.o
 .bss           0x008003ff        0x1 devices_all.o
                0x008003ff                debug_mode
 .bss           0x00800400        0x0 c:/winavr-20100110/bin/../lib/gcc/avr/4.3.3/avr4\libgcc.a(_mulsi3.o)
 .bss           0x00800400        0x0 c:/winavr-20100110/bin/../lib/gcc/avr/4.3.3/avr4\libgcc.a(_udivmodqi4.o)
 .bss           0x00800400        0x0 c:/winavr-20100110/bin/../lib/gcc/avr/4.3.3/avr4\libgcc.a(_exit.o)
 .bss           0x00800400        0x0 c:/winavr-20100110/bin/../lib/gcc/avr/4.3.3/avr4\libgcc.a(_copy_data.o)
 .bss           0x00800400        0x0 c:/winavr-20100110/bin/../lib/gcc/avr/4.3.3/avr4\libgcc.a(_clear_bss.o)
 *(.bss*)
 *(COMMON)
 COMMON         0x00800400        0x6 main.o
                0x00800400                listTemp
                0x00800402                listHum
                0x00800405                dev_test_access
                0x00800406                PROVIDE (__bss_end, .)
                0x0000097a                __data_load_start = LOADADDR (.data)
                0x00000c78                __data_load_end = (__data_load_start + SIZEOF (.data))

.noinit         0x00800406        0x0
                0x00800406                PROVIDE (__noinit_start, .)
 *(.noinit*)
                0x00800406                PROVIDE (__noinit_end, .)
                0x00800406                _end = .
                0x00800406                PROVIDE (__heap_start, .)

.eeprom         0x00810000        0x0
 *(.eeprom*)
                0x00810000                __eeprom_end = .

.fuse
 *(.fuse)
 *(.lfuse)
 *(.hfuse)
 *(.efuse)

.lock
 *(.lock*)

.signature
 *(.signature*)

.stab
 *(.stab)

.stabstr
 *(.stabstr)

.stab.excl
 *(.stab.excl)

.stab.exclstr
 *(.stab.exclstr)

.stab.index
 *(.stab.index)

.stab.indexstr
 *(.stab.indexstr)

.comment
 *(.comment)

.debug
 *(.debug)

.line
 *(.line)

.debug_srcinfo
 *(.debug_srcinfo)

.debug_sfnames
 *(.debug_sfnames)

.debug_aranges  0x00000000      0x100
 *(.debug_aranges)
 .debug_aranges
                0x00000000       0x20 I2Cmaster.o
 .debug_aranges
                0x00000020       0x20 main.o
 .debug_aranges
                0x00000040       0x20 uart.o
 .debug_aranges
                0x00000060       0x20 DS7505.o
 .debug_aranges
                0x00000080       0x20 SHT21.o
 .debug_aranges
                0x000000a0       0x20 gestion_H.o
 .debug_aranges
                0x000000c0       0x20 gestion_T.o
 .debug_aranges
                0x000000e0       0x20 devices_all.o

.debug_pubnames
                0x00000000      0x370
 *(.debug_pubnames)
 .debug_pubnames
                0x00000000       0x8d I2Cmaster.o
 .debug_pubnames
                0x0000008d       0x71 main.o
 .debug_pubnames
                0x000000fe       0xb4 uart.o
 .debug_pubnames
                0x000001b2       0x38 DS7505.o
 .debug_pubnames
                0x000001ea       0x4a SHT21.o
 .debug_pubnames
                0x00000234       0x2f gestion_H.o
 .debug_pubnames
                0x00000263       0x31 gestion_T.o
 .debug_pubnames
                0x00000294       0xdc devices_all.o

.debug_info     0x00000000      0xd13
 *(.debug_info)
 .debug_info    0x00000000      0x196 I2Cmaster.o
 .debug_info    0x00000196      0x1f4 main.o
 .debug_info    0x0000038a      0x1bf uart.o
 .debug_info    0x00000549      0x17f DS7505.o
 .debug_info    0x000006c8      0x1ed SHT21.o
 .debug_info    0x000008b5       0xbc gestion_H.o
 .debug_info    0x00000971       0xcb gestion_T.o
 .debug_info    0x00000a3c      0x2d7 devices_all.o
 *(.gnu.linkonce.wi.*)

.debug_abbrev   0x00000000      0x71b
 *(.debug_abbrev)
 .debug_abbrev  0x00000000       0xbe I2Cmaster.o
 .debug_abbrev  0x000000be      0x12f main.o
 .debug_abbrev  0x000001ed      0x104 uart.o
 .debug_abbrev  0x000002f1       0xc8 DS7505.o
 .debug_abbrev  0x000003b9       0xc8 SHT21.o
 .debug_abbrev  0x00000481       0x83 gestion_H.o
 .debug_abbrev  0x00000504       0x8e gestion_T.o
 .debug_abbrev  0x00000592      0x189 devices_all.o

.debug_line     0x00000000     0x101f
 *(.debug_line)
 .debug_line    0x00000000      0x233 I2Cmaster.o
 .debug_line    0x00000233      0x2c4 main.o
 .debug_line    0x000004f7      0x167 uart.o
 .debug_line    0x0000065e      0x194 DS7505.o
 .debug_line    0x000007f2      0x1d9 SHT21.o
 .debug_line    0x000009cb       0xb8 gestion_H.o
 .debug_line    0x00000a83      0x120 gestion_T.o
 .debug_line    0x00000ba3      0x47c devices_all.o

.debug_frame    0x00000000      0x2f0
 *(.debug_frame)
 .debug_frame   0x00000000       0x90 I2Cmaster.o
 .debug_frame   0x00000090       0x40 main.o
 .debug_frame   0x000000d0       0x90 uart.o
 .debug_frame   0x00000160       0x30 DS7505.o
 .debug_frame   0x00000190       0x40 SHT21.o
 .debug_frame   0x000001d0       0x30 gestion_H.o
 .debug_frame   0x00000200       0x30 gestion_T.o
 .debug_frame   0x00000230       0xc0 devices_all.o

.debug_str      0x00000000      0x40f
 *(.debug_str)
 .debug_str     0x00000000      0x10d I2Cmaster.o
                                0x141 (size before relaxing)
 .debug_str     0x0000010d       0x8b main.o
                                0x152 (size before relaxing)
 .debug_str     0x00000198       0x9a uart.o
                                0x168 (size before relaxing)
 .debug_str     0x00000232       0x34 DS7505.o
                                0x142 (size before relaxing)
 .debug_str     0x00000266       0x37 SHT21.o
                                0x14e (size before relaxing)
 .debug_str     0x0000029d       0x50 gestion_H.o
                                 0xcb (size before relaxing)
 .debug_str     0x000002ed       0x64 gestion_T.o
                                 0xcc (size before relaxing)
 .debug_str     0x00000351       0xbe devices_all.o
                                0x1d7 (size before relaxing)

.debug_loc      0x00000000      0x702
 *(.debug_loc)
 .debug_loc     0x00000000       0xbf I2Cmaster.o
 .debug_loc     0x000000bf       0x80 main.o
 .debug_loc     0x0000013f       0x76 uart.o
 .debug_loc     0x000001b5       0xc3 DS7505.o
 .debug_loc     0x00000278      0x138 SHT21.o
 .debug_loc     0x000003b0       0x92 gestion_H.o
 .debug_loc     0x00000442       0xc8 gestion_T.o
 .debug_loc     0x0000050a      0x1f8 devices_all.o

.debug_macinfo
 *(.debug_macinfo)
OUTPUT(Sous-Marin.elf elf32-avr)
LOAD linker stubs

.debug_ranges   0x00000000       0x48
 .debug_ranges  0x00000000       0x48 main.o
