Archive member included because of file (symbol)

c:/winavr-20100110/bin/../lib/gcc/avr/4.3.3/avr4\libgcc.a(_mulsi3.o)
                              ballast_position.o (__mulsi3)
c:/winavr-20100110/bin/../lib/gcc/avr/4.3.3/avr4\libgcc.a(_udivmodsi4.o)
                              ballast_position.o (__udivmodsi4)
c:/winavr-20100110/bin/../lib/gcc/avr/4.3.3/avr4\libgcc.a(_exit.o)
                              c:/winavr-20100110/bin/../lib/gcc/avr/4.3.3/../../../../avr/lib/avr4/crtm88.o (exit)
c:/winavr-20100110/bin/../lib/gcc/avr/4.3.3/avr4\libgcc.a(_copy_data.o)
                              motor_driver.o (__do_copy_data)
c:/winavr-20100110/bin/../lib/gcc/avr/4.3.3/avr4\libgcc.a(_clear_bss.o)
                              main.o (__do_clear_bss)
c:/winavr-20100110/bin/../lib/gcc/avr/4.3.3/../../../../avr/lib/avr4\libc.a(memset.o)
                              3964r.o (memset)

Allocating common symbols
Common symbol       size              file

flag_usart          0x1               main.o
tab_error_3964r     0x5               3964r.o
nb_impuls_wheel2    0x2               external_interrupt.o
prev_PINB           0x1               motor_driver.o
nb_impuls_wheel1    0x2               external_interrupt.o
flag_timer1         0x1               main.o

Memory Configuration

Name             Origin             Length             Attributes
text             0x00000000         0x00002000         xr
data             0x00800060         0x0000ffa0         rw !x
eeprom           0x00810000         0x00010000         rw !x
fuse             0x00820000         0x00000400         rw !x
lock             0x00830000         0x00000400         rw !x
signature        0x00840000         0x00000400         rw !x
*default*        0x00000000         0xffffffff

Linker script and memory map

Address of section .data set to 0x800100
LOAD c:/winavr-20100110/bin/../lib/gcc/avr/4.3.3/../../../../avr/lib/avr4/crtm88.o
LOAD main.o
LOAD adc.o
LOAD usart.o
LOAD ballast_position.o
LOAD motor_driver.o
LOAD timer0.o
LOAD 3964r.o
LOAD external_interrupt.o
LOAD timer1.o
LOAD watchdog.o
LOAD c:/winavr-20100110/bin/../lib/gcc/avr/4.3.3/avr4\libgcc.a
LOAD c:/winavr-20100110/bin/../lib/gcc/avr/4.3.3/../../../../avr/lib/avr4\libc.a
LOAD c:/winavr-20100110/bin/../lib/gcc/avr/4.3.3/avr4\libgcc.a

.hash
 *(.hash)

.dynsym
 *(.dynsym)

.dynstr
 *(.dynstr)

.gnu.version
 *(.gnu.version)

.gnu.version_d
 *(.gnu.version_d)

.gnu.version_r
 *(.gnu.version_r)

.rel.init
 *(.rel.init)

.rela.init
 *(.rela.init)

.rel.text
 *(.rel.text)
 *(.rel.text.*)
 *(.rel.gnu.linkonce.t*)

.rela.text
 *(.rela.text)
 *(.rela.text.*)
 *(.rela.gnu.linkonce.t*)

.rel.fini
 *(.rel.fini)

.rela.fini
 *(.rela.fini)

.rel.rodata
 *(.rel.rodata)
 *(.rel.rodata.*)
 *(.rel.gnu.linkonce.r*)

.rela.rodata
 *(.rela.rodata)
 *(.rela.rodata.*)
 *(.rela.gnu.linkonce.r*)

.rel.data
 *(.rel.data)
 *(.rel.data.*)
 *(.rel.gnu.linkonce.d*)

.rela.data
 *(.rela.data)
 *(.rela.data.*)
 *(.rela.gnu.linkonce.d*)

.rel.ctors
 *(.rel.ctors)

.rela.ctors
 *(.rela.ctors)

.rel.dtors
 *(.rel.dtors)

.rela.dtors
 *(.rela.dtors)

.rel.got
 *(.rel.got)

.rela.got
 *(.rela.got)

.rel.bss
 *(.rel.bss)

.rela.bss
 *(.rela.bss)

.rel.plt
 *(.rel.plt)

.rela.plt
 *(.rela.plt)

.text           0x00000000      0x9c6
 *(.vectors)
 .vectors       0x00000000       0x34 c:/winavr-20100110/bin/../lib/gcc/avr/4.3.3/../../../../avr/lib/avr4/crtm88.o
                0x00000000                __vectors
                0x00000000                __vector_default
 *(.vectors)
 *(.progmem.gcc*)
 *(.progmem*)
                0x00000034                . = ALIGN (0x2)
                0x00000034                __trampolines_start = .
 *(.trampolines)
 .trampolines   0x00000034        0x0 linker stubs
 *(.trampolines*)
                0x00000034                __trampolines_end = .
 *(.jumptables)
 *(.jumptables*)
 *(.lowtext)
 *(.lowtext*)
                0x00000034                __ctors_start = .
 *(.ctors)
                0x00000034                __ctors_end = .
                0x00000034                __dtors_start = .
 *(.dtors)
                0x00000034                __dtors_end = .
 SORT(*)(.ctors)
 SORT(*)(.dtors)
 *(.init0)
 .init0         0x00000034        0x0 c:/winavr-20100110/bin/../lib/gcc/avr/4.3.3/../../../../avr/lib/avr4/crtm88.o
                0x00000034                __init
 *(.init0)
 *(.init1)
 *(.init1)
 *(.init2)
 .init2         0x00000034        0xc c:/winavr-20100110/bin/../lib/gcc/avr/4.3.3/../../../../avr/lib/avr4/crtm88.o
 *(.init2)
 *(.init3)
 *(.init3)
 *(.init4)
 .init4         0x00000040       0x16 c:/winavr-20100110/bin/../lib/gcc/avr/4.3.3/avr4\libgcc.a(_copy_data.o)
                0x00000040                __do_copy_data
 .init4         0x00000056       0x10 c:/winavr-20100110/bin/../lib/gcc/avr/4.3.3/avr4\libgcc.a(_clear_bss.o)
                0x00000056                __do_clear_bss
 *(.init4)
 *(.init5)
 *(.init5)
 *(.init6)
 *(.init6)
 *(.init7)
 *(.init7)
 *(.init8)
 *(.init8)
 *(.init9)
 .init9         0x00000066        0x4 c:/winavr-20100110/bin/../lib/gcc/avr/4.3.3/../../../../avr/lib/avr4/crtm88.o
 *(.init9)
 *(.text)
 .text          0x0000006a        0x2 c:/winavr-20100110/bin/../lib/gcc/avr/4.3.3/../../../../avr/lib/avr4/crtm88.o
                0x0000006a                __vector_22
                0x0000006a                __vector_24
                0x0000006a                __vector_12
                0x0000006a                __bad_interrupt
                0x0000006a                __vector_23
                0x0000006a                __vector_25
                0x0000006a                __vector_13
                0x0000006a                __vector_17
                0x0000006a                __vector_19
                0x0000006a                __vector_7
                0x0000006a                __vector_5
                0x0000006a                __vector_4
                0x0000006a                __vector_9
                0x0000006a                __vector_21
                0x0000006a                __vector_15
                0x0000006a                __vector_8
                0x0000006a                __vector_14
                0x0000006a                __vector_10
                0x0000006a                __vector_16
                0x0000006a                __vector_20
 .text          0x0000006c       0x98 main.o
                0x0000006c                init_main
                0x00000078                main
 .text          0x00000104       0x60 adc.o
                0x0000011a                conv_ADC
                0x00000148                get_value_ADC0
                0x00000104                init_adc
                0x00000156                get_value_ADC1
 .text          0x00000164       0xbc usart.o
                0x0000019a                getchar_usart
                0x0000018a                putchar_usart
                0x000001ec                puts_usart
                0x000001d4                __vector_18
                0x00000164                init_usart
                0x000001b0                gets_usart
 .text          0x00000220       0x48 ballast_position.o
                0x00000220                get_ballast_position2
                0x00000264                init_ballast_position
                0x00000242                get_ballast_position1
 .text          0x00000268      0x1f0 motor_driver.o
                0x000002e0                get_rotation_motor1
                0x00000306                set_speed_motor2
                0x000002f0                get_rotation_motor2
                0x000002b0                enable_motor1
                0x0000030a                __vector_3
                0x000002bc                enable_motor2
                0x000002c8                rotation_motor1
                0x00000302                set_speed_motor1
                0x00000268                init_io
                0x00000434                init_motor_driver
                0x000002d4                rotation_motor2
 .text          0x00000458       0x14 timer0.o
                0x00000458                init_pwm
 .text          0x0000046c      0x2e8 3964r.o
                0x000005cc                send_data_3964r
                0x0000046c                process_bcc_3964r
                0x0000073c                init_3964r
                0x000004aa                get_data_3964r
                0x0000048c                sum_error_3964r
 .text          0x00000754      0x10a external_interrupt.o
                0x00000782                get_position2
                0x000007f6                __vector_1
                0x00000754                init_external_interrupt
                0x0000078e                __vector_2
                0x00000776                get_position1
 .text          0x0000085e       0x64 timer1.o
                0x0000087a                start_timer1
                0x00000892                stop_timer1
                0x000008aa                __vector_11
                0x0000085e                init_timer1
 .text          0x000008c2       0x70 watchdog.o
                0x000008d6                __vector_6
                0x000008c2                init_watchdog
 .text          0x00000932        0x0 c:/winavr-20100110/bin/../lib/gcc/avr/4.3.3/avr4\libgcc.a(_mulsi3.o)
 .text          0x00000932        0x0 c:/winavr-20100110/bin/../lib/gcc/avr/4.3.3/avr4\libgcc.a(_udivmodsi4.o)
 .text          0x00000932        0x0 c:/winavr-20100110/bin/../lib/gcc/avr/4.3.3/avr4\libgcc.a(_exit.o)
 .text          0x00000932        0x0 c:/winavr-20100110/bin/../lib/gcc/avr/4.3.3/avr4\libgcc.a(_copy_data.o)
 .text          0x00000932        0x0 c:/winavr-20100110/bin/../lib/gcc/avr/4.3.3/avr4\libgcc.a(_clear_bss.o)
 .text          0x00000932        0x0 c:/winavr-20100110/bin/../lib/gcc/avr/4.3.3/../../../../avr/lib/avr4\libc.a(memset.o)
                0x00000932                . = ALIGN (0x2)
 *(.text.*)
 .text.libgcc   0x00000932       0x3e c:/winavr-20100110/bin/../lib/gcc/avr/4.3.3/avr4\libgcc.a(_mulsi3.o)
                0x00000932                __mulsi3
 .text.libgcc   0x00000970       0x44 c:/winavr-20100110/bin/../lib/gcc/avr/4.3.3/avr4\libgcc.a(_udivmodsi4.o)
                0x00000970                __udivmodsi4
 .text.libgcc   0x000009b4        0x0 c:/winavr-20100110/bin/../lib/gcc/avr/4.3.3/avr4\libgcc.a(_exit.o)
 .text.libgcc   0x000009b4        0x0 c:/winavr-20100110/bin/../lib/gcc/avr/4.3.3/avr4\libgcc.a(_copy_data.o)
 .text.libgcc   0x000009b4        0x0 c:/winavr-20100110/bin/../lib/gcc/avr/4.3.3/avr4\libgcc.a(_clear_bss.o)
 .text.avr-libc
                0x000009b4        0xe c:/winavr-20100110/bin/../lib/gcc/avr/4.3.3/../../../../avr/lib/avr4\libc.a(memset.o)
                0x000009b4                memset
                0x000009c2                . = ALIGN (0x2)
 *(.fini9)
 .fini9         0x000009c2        0x0 c:/winavr-20100110/bin/../lib/gcc/avr/4.3.3/avr4\libgcc.a(_exit.o)
                0x000009c2                exit
                0x000009c2                _exit
 *(.fini9)
 *(.fini8)
 *(.fini8)
 *(.fini7)
 *(.fini7)
 *(.fini6)
 *(.fini6)
 *(.fini5)
 *(.fini5)
 *(.fini4)
 *(.fini4)
 *(.fini3)
 *(.fini3)
 *(.fini2)
 *(.fini2)
 *(.fini1)
 *(.fini1)
 *(.fini0)
 .fini0         0x000009c2        0x4 c:/winavr-20100110/bin/../lib/gcc/avr/4.3.3/avr4\libgcc.a(_exit.o)
 *(.fini0)
                0x000009c6                _etext = .

.data           0x00800100        0x8 load address 0x000009c6
                0x00800100                PROVIDE (__data_start, .)
 *(.data)
 .data          0x00800100        0x0 c:/winavr-20100110/bin/../lib/gcc/avr/4.3.3/../../../../avr/lib/avr4/crtm88.o
 .data          0x00800100        0x0 main.o
 .data          0x00800100        0x0 adc.o
 .data          0x00800100        0x0 usart.o
 .data          0x00800100        0x0 ballast_position.o
 .data          0x00800100        0x4 motor_driver.o
                0x00800101                fc12
                0x00800102                fc21
                0x00800100                fc11
                0x00800103                fc22
 .data          0x00800104        0x0 timer0.o
 .data          0x00800104        0x1 3964r.o
                0x00800104                priority
 .data          0x00800105        0x0 external_interrupt.o
 .data          0x00800105        0x0 timer1.o
 .data          0x00800105        0x2 watchdog.o
                0x00800105                timeout
 .data          0x00800107        0x0 c:/winavr-20100110/bin/../lib/gcc/avr/4.3.3/avr4\libgcc.a(_mulsi3.o)
 .data          0x00800107        0x0 c:/winavr-20100110/bin/../lib/gcc/avr/4.3.3/avr4\libgcc.a(_udivmodsi4.o)
 .data          0x00800107        0x0 c:/winavr-20100110/bin/../lib/gcc/avr/4.3.3/avr4\libgcc.a(_exit.o)
 .data          0x00800107        0x0 c:/winavr-20100110/bin/../lib/gcc/avr/4.3.3/avr4\libgcc.a(_copy_data.o)
 .data          0x00800107        0x0 c:/winavr-20100110/bin/../lib/gcc/avr/4.3.3/avr4\libgcc.a(_clear_bss.o)
 .data          0x00800107        0x0 c:/winavr-20100110/bin/../lib/gcc/avr/4.3.3/../../../../avr/lib/avr4\libc.a(memset.o)
 *(.data*)
 *(.rodata)
 *(.rodata*)
 *(.gnu.linkonce.d*)
                0x00800108                . = ALIGN (0x2)
 *fill*         0x00800107        0x1 00
                0x00800108                _edata = .
                0x00800108                PROVIDE (__data_end, .)

.bss            0x00800108        0xc
                0x00800108                PROVIDE (__bss_start, .)
 *(.bss)
 .bss           0x00800108        0x0 c:/winavr-20100110/bin/../lib/gcc/avr/4.3.3/../../../../avr/lib/avr4/crtm88.o
 .bss           0x00800108        0x0 main.o
 .bss           0x00800108        0x0 adc.o
 .bss           0x00800108        0x0 usart.o
 .bss           0x00800108        0x0 ballast_position.o
 .bss           0x00800108        0x0 motor_driver.o
 .bss           0x00800108        0x0 timer0.o
 .bss           0x00800108        0x0 3964r.o
 .bss           0x00800108        0x0 external_interrupt.o
 .bss           0x00800108        0x0 timer1.o
 .bss           0x00800108        0x0 watchdog.o
 .bss           0x00800108        0x0 c:/winavr-20100110/bin/../lib/gcc/avr/4.3.3/avr4\libgcc.a(_mulsi3.o)
 .bss           0x00800108        0x0 c:/winavr-20100110/bin/../lib/gcc/avr/4.3.3/avr4\libgcc.a(_udivmodsi4.o)
 .bss           0x00800108        0x0 c:/winavr-20100110/bin/../lib/gcc/avr/4.3.3/avr4\libgcc.a(_exit.o)
 .bss           0x00800108        0x0 c:/winavr-20100110/bin/../lib/gcc/avr/4.3.3/avr4\libgcc.a(_copy_data.o)
 .bss           0x00800108        0x0 c:/winavr-20100110/bin/../lib/gcc/avr/4.3.3/avr4\libgcc.a(_clear_bss.o)
 .bss           0x00800108        0x0 c:/winavr-20100110/bin/../lib/gcc/avr/4.3.3/../../../../avr/lib/avr4\libc.a(memset.o)
 *(.bss*)
 *(COMMON)
 COMMON         0x00800108        0x2 main.o
                0x00800108                flag_usart
                0x00800109                flag_timer1
 COMMON         0x0080010a        0x1 motor_driver.o
                0x0080010a                prev_PINB
 COMMON         0x0080010b        0x5 3964r.o
                0x0080010b                tab_error_3964r
 COMMON         0x00800110        0x4 external_interrupt.o
                0x00800110                nb_impuls_wheel2
                0x00800112                nb_impuls_wheel1
                0x00800114                PROVIDE (__bss_end, .)
                0x000009c6                __data_load_start = LOADADDR (.data)
                0x000009ce                __data_load_end = (__data_load_start + SIZEOF (.data))

.noinit         0x00800114        0x0
                0x00800114                PROVIDE (__noinit_start, .)
 *(.noinit*)
                0x00800114                PROVIDE (__noinit_end, .)
                0x00800114                _end = .
                0x00800114                PROVIDE (__heap_start, .)

.eeprom         0x00810000        0x0
 *(.eeprom*)
                0x00810000                __eeprom_end = .

.fuse
 *(.fuse)
 *(.lfuse)
 *(.hfuse)
 *(.efuse)

.lock
 *(.lock*)

.signature
 *(.signature*)

.stab
 *(.stab)

.stabstr
 *(.stabstr)

.stab.excl
 *(.stab.excl)

.stab.exclstr
 *(.stab.exclstr)

.stab.index
 *(.stab.index)

.stab.indexstr
 *(.stab.indexstr)

.comment
 *(.comment)

.debug
 *(.debug)

.line
 *(.line)

.debug_srcinfo
 *(.debug_srcinfo)

.debug_sfnames
 *(.debug_sfnames)

.debug_aranges  0x00000000      0x140
 *(.debug_aranges)
 .debug_aranges
                0x00000000       0x20 main.o
 .debug_aranges
                0x00000020       0x20 adc.o
 .debug_aranges
                0x00000040       0x20 usart.o
 .debug_aranges
                0x00000060       0x20 ballast_position.o
 .debug_aranges
                0x00000080       0x20 motor_driver.o
 .debug_aranges
                0x000000a0       0x20 timer0.o
 .debug_aranges
                0x000000c0       0x20 3964r.o
 .debug_aranges
                0x000000e0       0x20 external_interrupt.o
 .debug_aranges
                0x00000100       0x20 timer1.o
 .debug_aranges
                0x00000120       0x20 watchdog.o

.debug_pubnames
                0x00000000      0x4d3
 *(.debug_pubnames)
 .debug_pubnames
                0x00000000       0x48 main.o
 .debug_pubnames
                0x00000048       0x52 adc.o
 .debug_pubnames
                0x0000009a       0x92 usart.o
 .debug_pubnames
                0x0000012c       0x7f ballast_position.o
 .debug_pubnames
                0x000001ab      0x11b motor_driver.o
 .debug_pubnames
                0x000002c6       0x1f timer0.o
 .debug_pubnames
                0x000002e5       0xb2 3964r.o
 .debug_pubnames
                0x00000397       0x9a external_interrupt.o
 .debug_pubnames
                0x00000431       0x63 timer1.o
 .debug_pubnames
                0x00000494       0x3f watchdog.o

.debug_info     0x00000000      0xd06
 *(.debug_info)
 .debug_info    0x00000000       0xeb main.o
 .debug_info    0x000000eb       0xba adc.o
 .debug_info    0x000001a5      0x1bb usart.o
 .debug_info    0x00000360       0xcb ballast_position.o
 .debug_info    0x0000042b      0x368 motor_driver.o
 .debug_info    0x00000793       0x72 timer0.o
 .debug_info    0x00000805      0x298 3964r.o
 .debug_info    0x00000a9d       0xf3 external_interrupt.o
 .debug_info    0x00000b90       0xd9 timer1.o
 .debug_info    0x00000c69       0x9d watchdog.o
 *(.gnu.linkonce.wi.*)

.debug_abbrev   0x00000000      0x675
 *(.debug_abbrev)
 .debug_abbrev  0x00000000       0xa7 main.o
 .debug_abbrev  0x000000a7       0x56 adc.o
 .debug_abbrev  0x000000fd      0x121 usart.o
 .debug_abbrev  0x0000021e       0x6e ballast_position.o
 .debug_abbrev  0x0000028c       0xe4 motor_driver.o
 .debug_abbrev  0x00000370       0x3f timer0.o
 .debug_abbrev  0x000003af      0x184 3964r.o
 .debug_abbrev  0x00000533       0x6e external_interrupt.o
 .debug_abbrev  0x000005a1       0x7d timer1.o
 .debug_abbrev  0x0000061e       0x57 watchdog.o

.debug_line     0x00000000      0xe6f
 *(.debug_line)
 .debug_line    0x00000000      0x155 main.o
 .debug_line    0x00000155       0xda adc.o
 .debug_line    0x0000022f      0x171 usart.o
 .debug_line    0x000003a0       0xba ballast_position.o
 .debug_line    0x0000045a      0x30c motor_driver.o
 .debug_line    0x00000766       0x75 timer0.o
 .debug_line    0x000007db      0x3a9 3964r.o
 .debug_line    0x00000b84      0x10b external_interrupt.o
 .debug_line    0x00000c8f       0xf9 timer1.o
 .debug_line    0x00000d88       0xe7 watchdog.o

.debug_frame    0x00000000      0x350
 *(.debug_frame)
 .debug_frame   0x00000000       0x30 main.o
 .debug_frame   0x00000030       0x50 adc.o
 .debug_frame   0x00000080       0x70 usart.o
 .debug_frame   0x000000f0       0x40 ballast_position.o
 .debug_frame   0x00000130       0xc0 motor_driver.o
 .debug_frame   0x000001f0       0x20 timer0.o
 .debug_frame   0x00000210       0x60 3964r.o
 .debug_frame   0x00000270       0x60 external_interrupt.o
 .debug_frame   0x000002d0       0x50 timer1.o
 .debug_frame   0x00000320       0x30 watchdog.o

.debug_str      0x00000000      0x430
 *(.debug_str)
 .debug_str     0x00000000       0xd2 main.o
                                0x119 (size before relaxing)
 .debug_str     0x000000d2       0x39 adc.o
                                0x10c (size before relaxing)
 .debug_str     0x0000010b       0x60 usart.o
                                0x14f (size before relaxing)
 .debug_str     0x0000016b       0x58 ballast_position.o
                                0x142 (size before relaxing)
 .debug_str     0x000001c3       0xcc motor_driver.o
                                0x1bf (size before relaxing)
 .debug_str     0x0000028f       0x15 timer0.o
                                 0xe8 (size before relaxing)
 .debug_str     0x000002a4       0x97 3964r.o
                                0x186 (size before relaxing)
 .debug_str     0x0000033b       0x84 external_interrupt.o
                                0x157 (size before relaxing)
 .debug_str     0x000003bf       0x42 timer1.o
                                0x121 (size before relaxing)
 .debug_str     0x00000401       0x2f watchdog.o
                                0x102 (size before relaxing)

.debug_loc      0x00000000      0x225
 *(.debug_loc)
 .debug_loc     0x00000000       0x86 usart.o
 .debug_loc     0x00000086      0x187 3964r.o
 .debug_loc     0x0000020d       0x18 timer1.o

.debug_macinfo
 *(.debug_macinfo)
OUTPUT(pwm.elf elf32-avr)
LOAD linker stubs
