Archive member included because of file (symbol)

d:/winavr-20090313/bin/../lib/gcc/avr/4.3.2/avr4\libgcc.a(_exit.o)
                              d:/winavr-20090313/bin/../lib/gcc/avr/4.3.2/../../../../avr/lib/avr4/crtm88.o (exit)
d:/winavr-20090313/bin/../lib/gcc/avr/4.3.2/avr4\libgcc.a(_copy_data.o)
                              3964r.o (__do_copy_data)
d:/winavr-20090313/bin/../lib/gcc/avr/4.3.2/avr4\libgcc.a(_clear_bss.o)
                              3964r.o (__do_clear_bss)
d:/winavr-20090313/bin/../lib/gcc/avr/4.3.2/../../../../avr/lib/avr4\libc.a(memset.o)
                              3964r.o (memset)

Allocating common symbols
Common symbol       size              file

listTemp            0x6               main.o
TEMP1H              0x1               main.o
ADC1L               0x1               main.o
IMP1H               0x1               main.o
data_to_transmit    0x2               main.o
dev1_access         0x1               main.o
HUM1L               0x1               main.o
TEMP6H              0x1               main.o
flag_usart          0x1               3964r.o
tab_error_3964r     0x5               3964r.o
HUM2L               0x1               main.o
TRANSMIT_STATUT     0x1               main.o
TEMP7H              0x1               main.o
TEMP7L              0x1               main.o
statut_acquisition  0x1               main.o
TEMP2H              0x1               main.o
TEMP8H              0x1               main.o
TEMP5H              0x1               main.o
IMP2L               0x1               main.o
ADC2L               0x1               main.o
ADCL_Temp           0x1               main.o
TEMP8L              0x1               main.o
ACCL                0x1               main.o
ADC3H               0x1               main.o
fonctionnement_RX   0x1               main.o
dev3_access         0x1               main.o
ACCH                0x1               main.o
ADC3L               0x1               main.o
decalage            0x1               main.o
ADC4H               0x1               main.o
TEMP6L              0x1               main.o
ADC2H               0x1               main.o
data                0x5               main.o
TEMP5L              0x1               main.o
ADC1H               0x1               main.o
numero_capteur      0x1               main.o
IMP2H               0x1               main.o
IMP1L               0x1               main.o
ADCH_Temp           0x1               main.o
TEMP4L              0x1               main.o
HUM1H               0x1               main.o
TEMP4H              0x1               main.o
dev2_access         0x1               main.o
ADC4L               0x1               main.o
TEMP3H              0x1               main.o
TEMP1L              0x1               main.o
TEMP2L              0x1               main.o
flag_timer1         0x1               3964r.o
TEMP3L              0x1               main.o
HUM2H               0x1               main.o

Memory Configuration

Name             Origin             Length             Attributes
text             0x00000000         0x00002000         xr
data             0x00800060         0x0000ffa0         rw !x
eeprom           0x00810000         0x00010000         rw !x
fuse             0x00820000         0x00000400         rw !x
lock             0x00830000         0x00000400         rw !x
signature        0x00840000         0x00000400         rw !x
*default*        0x00000000         0xffffffff

Linker script and memory map

Address of section .data set to 0x800100
LOAD d:/winavr-20090313/bin/../lib/gcc/avr/4.3.2/../../../../avr/lib/avr4/crtm88.o
LOAD 3964r.o
LOAD DS1621.o
LOAD I2Cmaster.o
LOAD main.o
LOAD timer1.o
LOAD usart.o
LOAD ADC_FUNCTIONS.o
LOAD IMPULSE_FUNCTIONS.o
LOAD d:/winavr-20090313/bin/../lib/gcc/avr/4.3.2/avr4\libgcc.a
LOAD d:/winavr-20090313/bin/../lib/gcc/avr/4.3.2/../../../../avr/lib/avr4\libc.a
LOAD d:/winavr-20090313/bin/../lib/gcc/avr/4.3.2/avr4\libgcc.a

.hash
 *(.hash)

.dynsym
 *(.dynsym)

.dynstr
 *(.dynstr)

.gnu.version
 *(.gnu.version)

.gnu.version_d
 *(.gnu.version_d)

.gnu.version_r
 *(.gnu.version_r)

.rel.init
 *(.rel.init)

.rela.init
 *(.rela.init)

.rel.text
 *(.rel.text)
 *(.rel.text.*)
 *(.rel.gnu.linkonce.t*)

.rela.text
 *(.rela.text)
 *(.rela.text.*)
 *(.rela.gnu.linkonce.t*)

.rel.fini
 *(.rel.fini)

.rela.fini
 *(.rela.fini)

.rel.rodata
 *(.rel.rodata)
 *(.rel.rodata.*)
 *(.rel.gnu.linkonce.r*)

.rela.rodata
 *(.rela.rodata)
 *(.rela.rodata.*)
 *(.rela.gnu.linkonce.r*)

.rel.data
 *(.rel.data)
 *(.rel.data.*)
 *(.rel.gnu.linkonce.d*)

.rela.data
 *(.rela.data)
 *(.rela.data.*)
 *(.rela.gnu.linkonce.d*)

.rel.ctors
 *(.rel.ctors)

.rela.ctors
 *(.rela.ctors)

.rel.dtors
 *(.rel.dtors)

.rela.dtors
 *(.rela.dtors)

.rel.got
 *(.rel.got)

.rela.got
 *(.rela.got)

.rel.bss
 *(.rel.bss)

.rela.bss
 *(.rela.bss)

.rel.plt
 *(.rel.plt)

.rela.plt
 *(.rela.plt)

.text           0x00000000      0xa54
 *(.vectors)
 .vectors       0x00000000       0x34 d:/winavr-20090313/bin/../lib/gcc/avr/4.3.2/../../../../avr/lib/avr4/crtm88.o
                0x00000000                __vectors
                0x00000000                __vector_default
 *(.vectors)
 *(.progmem.gcc*)
 *(.progmem*)
                0x00000034                . = ALIGN (0x2)
                0x00000034                __trampolines_start = .
 *(.trampolines)
 .trampolines   0x00000034        0x0 linker stubs
 *(.trampolines*)
                0x00000034                __trampolines_end = .
 *(.jumptables)
 *(.jumptables*)
 *(.lowtext)
 *(.lowtext*)
                0x00000034                __ctors_start = .
 *(.ctors)
                0x00000034                __ctors_end = .
                0x00000034                __dtors_start = .
 *(.dtors)
                0x00000034                __dtors_end = .
 SORT(*)(.ctors)
 SORT(*)(.dtors)
 *(.init0)
 .init0         0x00000034        0x0 d:/winavr-20090313/bin/../lib/gcc/avr/4.3.2/../../../../avr/lib/avr4/crtm88.o
                0x00000034                __init
 *(.init0)
 *(.init1)
 *(.init1)
 *(.init2)
 .init2         0x00000034        0xc d:/winavr-20090313/bin/../lib/gcc/avr/4.3.2/../../../../avr/lib/avr4/crtm88.o
 *(.init2)
 *(.init3)
 *(.init3)
 *(.init4)
 .init4         0x00000040       0x16 d:/winavr-20090313/bin/../lib/gcc/avr/4.3.2/avr4\libgcc.a(_copy_data.o)
                0x00000040                __do_copy_data
 .init4         0x00000056       0x10 d:/winavr-20090313/bin/../lib/gcc/avr/4.3.2/avr4\libgcc.a(_clear_bss.o)
                0x00000056                __do_clear_bss
 *(.init4)
 *(.init5)
 *(.init5)
 *(.init6)
 *(.init6)
 *(.init7)
 *(.init7)
 *(.init8)
 *(.init8)
 *(.init9)
 .init9         0x00000066        0x4 d:/winavr-20090313/bin/../lib/gcc/avr/4.3.2/../../../../avr/lib/avr4/crtm88.o
 *(.init9)
 *(.text)
 .text          0x0000006a        0x2 d:/winavr-20090313/bin/../lib/gcc/avr/4.3.2/../../../../avr/lib/avr4/crtm88.o
                0x0000006a                __vector_22
                0x0000006a                __vector_1
                0x0000006a                __vector_24
                0x0000006a                __vector_12
                0x0000006a                __bad_interrupt
                0x0000006a                __vector_6
                0x0000006a                __vector_3
                0x0000006a                __vector_23
                0x0000006a                __vector_25
                0x0000006a                __vector_13
                0x0000006a                __vector_17
                0x0000006a                __vector_19
                0x0000006a                __vector_7
                0x0000006a                __vector_5
                0x0000006a                __vector_4
                0x0000006a                __vector_9
                0x0000006a                __vector_2
                0x0000006a                __vector_21
                0x0000006a                __vector_15
                0x0000006a                __vector_8
                0x0000006a                __vector_14
                0x0000006a                __vector_10
                0x0000006a                __vector_16
                0x0000006a                __vector_20
 .text          0x0000006c      0x330 3964r.o
                0x000001ee                send_data_3964r
                0x0000006c                process_bcc_3964r
                0x00000384                init_3964r
                0x000000aa                get_data_3964r
                0x0000008c                sum_error_3964r
 .text          0x0000039c       0x7e DS1621.o
                0x0000039c                initDS1621
                0x000003dc                get_DS1621_Devices
 .text          0x0000041a      0x108 I2Cmaster.o
                0x000004d6                i2c_write
                0x0000050e                i2c_readNak
                0x000004fa                i2c_readAck
                0x000004c2                i2c_rep_start
                0x00000426                i2c_start
                0x000004c6                i2c_stop
                0x00000472                i2c_start_wait
                0x0000041a                i2c_init
 .text          0x00000522      0x32c main.o
                0x00000522                transmission
                0x00000570                init
                0x00000610                main
                0x000005ae                __vector_18
 .text          0x0000084e       0x64 timer1.o
                0x0000086a                start_timer1
                0x00000882                stop_timer1
                0x0000089a                __vector_11
                0x0000084e                init_timer1
 .text          0x000008b2       0xbc usart.o
                0x000008e8                getchar_usart
                0x000008d8                putchar_usart
                0x0000093a                puts_usart
                0x000008b2                init_usart
                0x0000090a                gets_usart
 .text          0x0000096e       0x5e ADC_FUNCTIONS.o
                0x0000099a                ADC_Stop
                0x0000098e                ADC_Start
                0x000009a6                ADC_Mux
                0x0000096e                ADC_Init
 .text          0x000009cc       0x76 IMPULSE_FUNCTIONS.o
                0x00000a1a                TIMER2_20ms_Stop
                0x000009ea                TIMER0_20ms_Stop
                0x00000a26                PCINT_Init
                0x00000a3a                PCINT0_OFF
                0x00000a32                PCINT0_ON
                0x000009f2                TIMER2_20ms_Init
                0x000009e2                TIMER0_20ms_Start
                0x00000a36                PCINT1_ON
                0x00000a0e                TIMER2_20ms_Start
                0x000009cc                TIMER0_20ms_Init
                0x00000a3e                PCINT1_OFF
 .text          0x00000a42        0x0 d:/winavr-20090313/bin/../lib/gcc/avr/4.3.2/avr4\libgcc.a(_exit.o)
 .text          0x00000a42        0x0 d:/winavr-20090313/bin/../lib/gcc/avr/4.3.2/avr4\libgcc.a(_copy_data.o)
 .text          0x00000a42        0x0 d:/winavr-20090313/bin/../lib/gcc/avr/4.3.2/avr4\libgcc.a(_clear_bss.o)
 .text          0x00000a42        0xe d:/winavr-20090313/bin/../lib/gcc/avr/4.3.2/../../../../avr/lib/avr4\libc.a(memset.o)
                0x00000a42                memset
                0x00000a50                . = ALIGN (0x2)
 *(.text.*)
 .text.libgcc   0x00000a50        0x0 d:/winavr-20090313/bin/../lib/gcc/avr/4.3.2/avr4\libgcc.a(_exit.o)
 .text.libgcc   0x00000a50        0x0 d:/winavr-20090313/bin/../lib/gcc/avr/4.3.2/avr4\libgcc.a(_copy_data.o)
 .text.libgcc   0x00000a50        0x0 d:/winavr-20090313/bin/../lib/gcc/avr/4.3.2/avr4\libgcc.a(_clear_bss.o)
                0x00000a50                . = ALIGN (0x2)
 *(.fini9)
 .fini9         0x00000a50        0x0 d:/winavr-20090313/bin/../lib/gcc/avr/4.3.2/avr4\libgcc.a(_exit.o)
                0x00000a50                exit
                0x00000a50                _exit
 *(.fini9)
 *(.fini8)
 *(.fini8)
 *(.fini7)
 *(.fini7)
 *(.fini6)
 *(.fini6)
 *(.fini5)
 *(.fini5)
 *(.fini4)
 *(.fini4)
 *(.fini3)
 *(.fini3)
 *(.fini2)
 *(.fini2)
 *(.fini1)
 *(.fini1)
 *(.fini0)
 .fini0         0x00000a50        0x4 d:/winavr-20090313/bin/../lib/gcc/avr/4.3.2/avr4\libgcc.a(_exit.o)
 *(.fini0)
                0x00000a54                _etext = .

.data           0x00800100        0x4 load address 0x00000a54
                0x00800100                PROVIDE (__data_start, .)
 *(.data)
 .data          0x00800100        0x0 d:/winavr-20090313/bin/../lib/gcc/avr/4.3.2/../../../../avr/lib/avr4/crtm88.o
 .data          0x00800100        0x1 3964r.o
                0x00800100                priority
 .data          0x00800101        0x0 DS1621.o
 .data          0x00800101        0x0 I2Cmaster.o
 .data          0x00800101        0x2 main.o
                0x00800101                Sens_0
                0x00800102                Sens_1
 .data          0x00800103        0x0 timer1.o
 .data          0x00800103        0x0 usart.o
 .data          0x00800103        0x0 ADC_FUNCTIONS.o
 .data          0x00800103        0x0 IMPULSE_FUNCTIONS.o
 .data          0x00800103        0x0 d:/winavr-20090313/bin/../lib/gcc/avr/4.3.2/avr4\libgcc.a(_exit.o)
 .data          0x00800103        0x0 d:/winavr-20090313/bin/../lib/gcc/avr/4.3.2/avr4\libgcc.a(_copy_data.o)
 .data          0x00800103        0x0 d:/winavr-20090313/bin/../lib/gcc/avr/4.3.2/avr4\libgcc.a(_clear_bss.o)
 .data          0x00800103        0x0 d:/winavr-20090313/bin/../lib/gcc/avr/4.3.2/../../../../avr/lib/avr4\libc.a(memset.o)
 *(.data*)
 *(.rodata)
 *(.rodata*)
 *(.gnu.linkonce.d*)
                0x00800104                . = ALIGN (0x2)
 *fill*         0x00800103        0x1 00
                0x00800104                _edata = .
                0x00800104                PROVIDE (__data_end, .)

.bss            0x00800104       0x44
                0x00800104                PROVIDE (__bss_start, .)
 *(.bss)
 .bss           0x00800104        0x0 d:/winavr-20090313/bin/../lib/gcc/avr/4.3.2/../../../../avr/lib/avr4/crtm88.o
 .bss           0x00800104        0x0 3964r.o
 .bss           0x00800104        0x0 DS1621.o
 .bss           0x00800104        0x0 I2Cmaster.o
 .bss           0x00800104        0x4 main.o
                0x00800105                ADC_Choice
                0x00800107                nbpulse_2
                0x00800104                bufUSART_RX
                0x00800106                nbpulse_1
 .bss           0x00800108        0x0 timer1.o
 .bss           0x00800108        0x0 usart.o
 .bss           0x00800108        0x0 ADC_FUNCTIONS.o
 .bss           0x00800108        0x0 IMPULSE_FUNCTIONS.o
 .bss           0x00800108        0x0 d:/winavr-20090313/bin/../lib/gcc/avr/4.3.2/avr4\libgcc.a(_exit.o)
 .bss           0x00800108        0x0 d:/winavr-20090313/bin/../lib/gcc/avr/4.3.2/avr4\libgcc.a(_copy_data.o)
 .bss           0x00800108        0x0 d:/winavr-20090313/bin/../lib/gcc/avr/4.3.2/avr4\libgcc.a(_clear_bss.o)
 .bss           0x00800108        0x0 d:/winavr-20090313/bin/../lib/gcc/avr/4.3.2/../../../../avr/lib/avr4\libc.a(memset.o)
 *(.bss*)
 *(COMMON)
 COMMON         0x00800108        0x7 3964r.o
                0x00800108                flag_usart
                0x00800109                tab_error_3964r
                0x0080010e                flag_timer1
 COMMON         0x0080010f       0x39 main.o
                0x0080010f                listTemp
                0x00800115                TEMP1H
                0x00800116                ADC1L
                0x00800117                IMP1H
                0x00800118                data_to_transmit
                0x0080011a                dev1_access
                0x0080011b                HUM1L
                0x0080011c                TEMP6H
                0x0080011d                HUM2L
                0x0080011e                TRANSMIT_STATUT
                0x0080011f                TEMP7H
                0x00800120                TEMP7L
                0x00800121                statut_acquisition
                0x00800122                TEMP2H
                0x00800123                TEMP8H
                0x00800124                TEMP5H
                0x00800125                IMP2L
                0x00800126                ADC2L
                0x00800127                ADCL_Temp
                0x00800128                TEMP8L
                0x00800129                ACCL
                0x0080012a                ADC3H
                0x0080012b                fonctionnement_RX
                0x0080012c                dev3_access
                0x0080012d                ACCH
                0x0080012e                ADC3L
                0x0080012f                decalage
                0x00800130                ADC4H
                0x00800131                TEMP6L
                0x00800132                ADC2H
                0x00800133                data
                0x00800138                TEMP5L
                0x00800139                ADC1H
                0x0080013a                numero_capteur
                0x0080013b                IMP2H
                0x0080013c                IMP1L
                0x0080013d                ADCH_Temp
                0x0080013e                TEMP4L
                0x0080013f                HUM1H
                0x00800140                TEMP4H
                0x00800141                dev2_access
                0x00800142                ADC4L
                0x00800143                TEMP3H
                0x00800144                TEMP1L
                0x00800145                TEMP2L
                0x00800146                TEMP3L
                0x00800147                HUM2H
                0x00800148                PROVIDE (__bss_end, .)
                0x00000a54                __data_load_start = LOADADDR (.data)
                0x00000a58                __data_load_end = (__data_load_start + SIZEOF (.data))

.noinit         0x00800148        0x0
                0x00800148                PROVIDE (__noinit_start, .)
 *(.noinit*)
                0x00800148                PROVIDE (__noinit_end, .)
                0x00800148                _end = .
                0x00800148                PROVIDE (__heap_start, .)

.eeprom         0x00810000        0x0
 *(.eeprom*)
                0x00810000                __eeprom_end = .

.fuse
 *(.fuse)
 *(.lfuse)
 *(.hfuse)
 *(.efuse)

.lock
 *(.lock*)

.signature
 *(.signature*)

.stab
 *(.stab)

.stabstr
 *(.stabstr)

.stab.excl
 *(.stab.excl)

.stab.exclstr
 *(.stab.exclstr)

.stab.index
 *(.stab.index)

.stab.indexstr
 *(.stab.indexstr)

.comment
 *(.comment)

.debug
 *(.debug)

.line
 *(.line)

.debug_srcinfo
 *(.debug_srcinfo)

.debug_sfnames
 *(.debug_sfnames)

.debug_aranges  0x00000000      0x100
 *(.debug_aranges)
 .debug_aranges
                0x00000000       0x20 3964r.o
 .debug_aranges
                0x00000020       0x20 DS1621.o
 .debug_aranges
                0x00000040       0x20 I2Cmaster.o
 .debug_aranges
                0x00000060       0x20 main.o
 .debug_aranges
                0x00000080       0x20 timer1.o
 .debug_aranges
                0x000000a0       0x20 usart.o
 .debug_aranges
                0x000000c0       0x20 ADC_FUNCTIONS.o
 .debug_aranges
                0x000000e0       0x20 IMPULSE_FUNCTIONS.o

.debug_pubnames
                0x00000000      0x68b
 *(.debug_pubnames)
 .debug_pubnames
                0x00000000       0xb2 3964r.o
 .debug_pubnames
                0x000000b2       0x57 DS1621.o
 .debug_pubnames
                0x00000109       0x8d I2Cmaster.o
 .debug_pubnames
                0x00000196      0x2ef main.o
 .debug_pubnames
                0x00000485       0x63 timer1.o
 .debug_pubnames
                0x000004e8       0x82 usart.o
 .debug_pubnames
                0x0000056a       0x46 ADC_FUNCTIONS.o
 .debug_pubnames
                0x000005b0       0xdb IMPULSE_FUNCTIONS.o

.debug_info     0x00000000     0x10b7
 *(.debug_info)
 .debug_info    0x00000000      0x300 3964r.o
 .debug_info    0x00000300      0x1ee DS1621.o
 .debug_info    0x000004ee      0x196 I2Cmaster.o
 .debug_info    0x00000684      0x5b0 main.o
 .debug_info    0x00000c34       0xd9 timer1.o
 .debug_info    0x00000d0d      0x1a7 usart.o
 .debug_info    0x00000eb4       0xc9 ADC_FUNCTIONS.o
 .debug_info    0x00000f7d      0x13a IMPULSE_FUNCTIONS.o
 *(.gnu.linkonce.wi.*)

.debug_abbrev   0x00000000      0x6b6
 *(.debug_abbrev)
 .debug_abbrev  0x00000000      0x187 3964r.o
 .debug_abbrev  0x00000187      0x100 DS1621.o
 .debug_abbrev  0x00000287       0xbe I2Cmaster.o
 .debug_abbrev  0x00000345      0x144 main.o
 .debug_abbrev  0x00000489       0x7d timer1.o
 .debug_abbrev  0x00000506      0x10c usart.o
 .debug_abbrev  0x00000612       0x65 ADC_FUNCTIONS.o
 .debug_abbrev  0x00000677       0x3f IMPULSE_FUNCTIONS.o

.debug_line     0x00000000     0x11ee
 *(.debug_line)
 .debug_line    0x00000000      0x3fa 3964r.o
 .debug_line    0x000003fa      0x1cc DS1621.o
 .debug_line    0x000005c6      0x236 I2Cmaster.o
 .debug_line    0x000007fc      0x528 main.o
 .debug_line    0x00000d24       0xfc timer1.o
 .debug_line    0x00000e20      0x16c usart.o
 .debug_line    0x00000f8c       0xdf ADC_FUNCTIONS.o
 .debug_line    0x0000106b      0x183 IMPULSE_FUNCTIONS.o

.debug_frame    0x00000000      0x330
 *(.debug_frame)
 .debug_frame   0x00000000       0x60 3964r.o
 .debug_frame   0x00000060       0x30 DS1621.o
 .debug_frame   0x00000090       0x90 I2Cmaster.o
 .debug_frame   0x00000120       0x50 main.o
 .debug_frame   0x00000170       0x50 timer1.o
 .debug_frame   0x000001c0       0x60 usart.o
 .debug_frame   0x00000220       0x50 ADC_FUNCTIONS.o
 .debug_frame   0x00000270       0xc0 IMPULSE_FUNCTIONS.o

.debug_str      0x00000000      0x5d5
 *(.debug_str)
 .debug_str     0x00000000      0x14d 3964r.o
                                0x186 (size before relaxing)
 .debug_str     0x0000014d       0x93 DS1621.o
                                0x17d (size before relaxing)
 .debug_str     0x000001e0       0x7f I2Cmaster.o
                                0x152 (size before relaxing)
 .debug_str     0x0000025f      0x1ed main.o
                                0x32d (size before relaxing)
 .debug_str     0x0000044c       0x42 timer1.o
                                0x11c (size before relaxing)
 .debug_str     0x0000048e       0x54 usart.o
                                0x13e (size before relaxing)
 .debug_str     0x000004e2       0x3f ADC_FUNCTIONS.o
                                0x112 (size before relaxing)
 .debug_str     0x00000521       0xb4 IMPULSE_FUNCTIONS.o
                                0x182 (size before relaxing)

.debug_loc      0x00000000      0x574
 *(.debug_loc)
 .debug_loc     0x00000000      0x1f6 3964r.o
 .debug_loc     0x000001f6      0x104 DS1621.o
 .debug_loc     0x000002fa       0xbf I2Cmaster.o
 .debug_loc     0x000003b9       0xe9 main.o
 .debug_loc     0x000004a2       0x18 timer1.o
 .debug_loc     0x000004ba       0x86 usart.o
 .debug_loc     0x00000540       0x34 ADC_FUNCTIONS.o

.debug_macinfo
 *(.debug_macinfo)
OUTPUT(Carte_capteur.elf elf32-avr)
LOAD linker stubs

.debug_ranges   0x00000000       0x48
 .debug_ranges  0x00000000       0x48 main.o
