Archive member included because of file (symbol)

c:/winavr-20100110/bin/../lib/gcc/avr/4.3.3/avr4\libgcc.a(_mulsi3.o)
                              gestion_H.o (__mulsi3)
c:/winavr-20100110/bin/../lib/gcc/avr/4.3.3/avr4\libgcc.a(_udivmodqi4.o)
                              gestion_T.o (__udivmodqi4)
c:/winavr-20100110/bin/../lib/gcc/avr/4.3.3/avr4\libgcc.a(_exit.o)
                              c:/winavr-20100110/bin/../lib/gcc/avr/4.3.3/../../../../avr/lib/avr4/crtm88.o (exit)
c:/winavr-20100110/bin/../lib/gcc/avr/4.3.3/avr4\libgcc.a(_copy_data.o)
                              3964r.o (__do_copy_data)
c:/winavr-20100110/bin/../lib/gcc/avr/4.3.3/avr4\libgcc.a(_clear_bss.o)
                              3964r.o (__do_clear_bss)
c:/winavr-20100110/bin/../lib/gcc/avr/4.3.3/avr4\libgcc.a(_addsub_sf.o)
                              gestion_P.o (__subsf3)
c:/winavr-20100110/bin/../lib/gcc/avr/4.3.3/avr4\libgcc.a(_mul_sf.o)
                              gestion_P.o (__mulsf3)
c:/winavr-20100110/bin/../lib/gcc/avr/4.3.3/avr4\libgcc.a(_si_to_sf.o)
                              gestion_P.o (__floatsisf)
c:/winavr-20100110/bin/../lib/gcc/avr/4.3.3/avr4\libgcc.a(_sf_to_si.o)
                              gestion_P.o (__fixsfsi)
c:/winavr-20100110/bin/../lib/gcc/avr/4.3.3/avr4\libgcc.a(_thenan_sf.o)
                              c:/winavr-20100110/bin/../lib/gcc/avr/4.3.3/avr4\libgcc.a(_addsub_sf.o) (__thenan_sf)
c:/winavr-20100110/bin/../lib/gcc/avr/4.3.3/avr4\libgcc.a(_prologue.o)
                              c:/winavr-20100110/bin/../lib/gcc/avr/4.3.3/avr4\libgcc.a(_addsub_sf.o) (__prologue_saves__)
c:/winavr-20100110/bin/../lib/gcc/avr/4.3.3/avr4\libgcc.a(_epilogue.o)
                              c:/winavr-20100110/bin/../lib/gcc/avr/4.3.3/avr4\libgcc.a(_addsub_sf.o) (__epilogue_restores__)
c:/winavr-20100110/bin/../lib/gcc/avr/4.3.3/avr4\libgcc.a(_clzsi2.o)
                              c:/winavr-20100110/bin/../lib/gcc/avr/4.3.3/avr4\libgcc.a(_si_to_sf.o) (__clzsi2)
c:/winavr-20100110/bin/../lib/gcc/avr/4.3.3/avr4\libgcc.a(_pack_sf.o)
                              c:/winavr-20100110/bin/../lib/gcc/avr/4.3.3/avr4\libgcc.a(_addsub_sf.o) (__pack_f)
c:/winavr-20100110/bin/../lib/gcc/avr/4.3.3/avr4\libgcc.a(_unpack_sf.o)
                              c:/winavr-20100110/bin/../lib/gcc/avr/4.3.3/avr4\libgcc.a(_addsub_sf.o) (__unpack_f)
c:/winavr-20100110/bin/../lib/gcc/avr/4.3.3/avr4\libgcc.a(_clz.o)
                              c:/winavr-20100110/bin/../lib/gcc/avr/4.3.3/avr4\libgcc.a(_clzsi2.o) (__clz_tab)
c:/winavr-20100110/bin/../lib/gcc/avr/4.3.3/../../../../avr/lib/avr4\libc.a(memset.o)
                              3964r.o (memset)

Allocating common symbols
Common symbol       size              file

listTemp            0x3               main.o
TEMP1H              0x1               main.o
ADC1L               0x1               main.o
IMP1H               0x1               main.o
Result              0x1               main.o
data_to_transmit    0x2               main.o
HUM1L               0x1               main.o
TEMP6H              0x1               main.o
flag_usart          0x1               3964r.o
tab_error_3964r     0x5               3964r.o
HUM2L               0x1               main.o
TRANSMIT_STATUT     0x1               main.o
TEMP7H              0x1               main.o
TEMP7L              0x1               main.o
TEMP2H              0x1               main.o
TEMP8H              0x1               main.o
tempHum             0x1               main.o
TEMP5H              0x1               main.o
IMP2L               0x1               main.o
ADC2L               0x1               main.o
ADCL_Temp           0x1               main.o
TEMP8L              0x1               main.o
ACCL                0x1               main.o
ADC3H               0x1               main.o
fonctionnement_RX   0x1               main.o
ACCH                0x1               main.o
ADC3L               0x1               main.o
decalage            0x1               main.o
ADC4H               0x1               main.o
TEMP6L              0x1               main.o
ADC2H               0x1               main.o
data                0x19              main.o
TEMP5L              0x1               main.o
ADC1H               0x1               main.o
numero_capteur      0x1               main.o
IMP2H               0x1               main.o
IMP1L               0x1               main.o
ADCH_Temp           0x1               main.o
TEMP4L              0x1               main.o
ProfInit            0x2               main.o
HUM1H               0x1               main.o
TEMP4H              0x1               main.o
ADC4L               0x1               main.o
TEMP3H              0x1               main.o
TEMP1L              0x1               main.o
TEMP2L              0x1               main.o
flag_timer1         0x1               3964r.o
TEMP3L              0x1               main.o
HUM2H               0x1               main.o

Memory Configuration

Name             Origin             Length             Attributes
text             0x00000000         0x00002000         xr
data             0x00800060         0x0000ffa0         rw !x
eeprom           0x00810000         0x00010000         rw !x
fuse             0x00820000         0x00000400         rw !x
lock             0x00830000         0x00000400         rw !x
signature        0x00840000         0x00000400         rw !x
*default*        0x00000000         0xffffffff

Linker script and memory map

Address of section .data set to 0x800100
LOAD c:/winavr-20100110/bin/../lib/gcc/avr/4.3.3/../../../../avr/lib/avr4/crtm88.o
LOAD 3964r.o
LOAD I2Cmaster.o
LOAD main.o
LOAD timer1.o
LOAD usart.o
LOAD watchdog.o
LOAD DS7505.o
LOAD gestion_T.o
LOAD ADC.o
LOAD gestion_H.o
LOAD SHT21.o
LOAD gestion_P.o
LOAD gestion_A.o
LOAD c:/winavr-20100110/bin/../lib/gcc/avr/4.3.3/avr4\libgcc.a
LOAD c:/winavr-20100110/bin/../lib/gcc/avr/4.3.3/../../../../avr/lib/avr4\libc.a
LOAD c:/winavr-20100110/bin/../lib/gcc/avr/4.3.3/avr4\libgcc.a

.hash
 *(.hash)

.dynsym
 *(.dynsym)

.dynstr
 *(.dynstr)

.gnu.version
 *(.gnu.version)

.gnu.version_d
 *(.gnu.version_d)

.gnu.version_r
 *(.gnu.version_r)

.rel.init
 *(.rel.init)

.rela.init
 *(.rela.init)

.rel.text
 *(.rel.text)
 *(.rel.text.*)
 *(.rel.gnu.linkonce.t*)

.rela.text
 *(.rela.text)
 *(.rela.text.*)
 *(.rela.gnu.linkonce.t*)

.rel.fini
 *(.rel.fini)

.rela.fini
 *(.rela.fini)

.rel.rodata
 *(.rel.rodata)
 *(.rel.rodata.*)
 *(.rel.gnu.linkonce.r*)

.rela.rodata
 *(.rela.rodata)
 *(.rela.rodata.*)
 *(.rela.gnu.linkonce.r*)

.rel.data
 *(.rel.data)
 *(.rel.data.*)
 *(.rel.gnu.linkonce.d*)

.rela.data
 *(.rela.data)
 *(.rela.data.*)
 *(.rela.gnu.linkonce.d*)

.rel.ctors
 *(.rel.ctors)

.rela.ctors
 *(.rela.ctors)

.rel.dtors
 *(.rel.dtors)

.rela.dtors
 *(.rela.dtors)

.rel.got
 *(.rel.got)

.rela.got
 *(.rela.got)

.rel.bss
 *(.rel.bss)

.rela.bss
 *(.rela.bss)

.rel.plt
 *(.rel.plt)

.rela.plt
 *(.rela.plt)

.text           0x00000000     0x19f6
 *(.vectors)
 .vectors       0x00000000       0x34 c:/winavr-20100110/bin/../lib/gcc/avr/4.3.3/../../../../avr/lib/avr4/crtm88.o
                0x00000000                __vectors
                0x00000000                __vector_default
 *(.vectors)
 *(.progmem.gcc*)
 *(.progmem*)
                0x00000034                . = ALIGN (0x2)
                0x00000034                __trampolines_start = .
 *(.trampolines)
 .trampolines   0x00000034        0x0 linker stubs
 *(.trampolines*)
                0x00000034                __trampolines_end = .
 *(.jumptables)
 *(.jumptables*)
 *(.lowtext)
 *(.lowtext*)
                0x00000034                __ctors_start = .
 *(.ctors)
                0x00000034                __ctors_end = .
                0x00000034                __dtors_start = .
 *(.dtors)
                0x00000034                __dtors_end = .
 SORT(*)(.ctors)
 SORT(*)(.dtors)
 *(.init0)
 .init0         0x00000034        0x0 c:/winavr-20100110/bin/../lib/gcc/avr/4.3.3/../../../../avr/lib/avr4/crtm88.o
                0x00000034                __init
 *(.init0)
 *(.init1)
 *(.init1)
 *(.init2)
 .init2         0x00000034        0xc c:/winavr-20100110/bin/../lib/gcc/avr/4.3.3/../../../../avr/lib/avr4/crtm88.o
 *(.init2)
 *(.init3)
 *(.init3)
 *(.init4)
 .init4         0x00000040       0x16 c:/winavr-20100110/bin/../lib/gcc/avr/4.3.3/avr4\libgcc.a(_copy_data.o)
                0x00000040                __do_copy_data
 .init4         0x00000056       0x10 c:/winavr-20100110/bin/../lib/gcc/avr/4.3.3/avr4\libgcc.a(_clear_bss.o)
                0x00000056                __do_clear_bss
 *(.init4)
 *(.init5)
 *(.init5)
 *(.init6)
 *(.init6)
 *(.init7)
 *(.init7)
 *(.init8)
 *(.init8)
 *(.init9)
 .init9         0x00000066        0x4 c:/winavr-20100110/bin/../lib/gcc/avr/4.3.3/../../../../avr/lib/avr4/crtm88.o
 *(.init9)
 *(.text)
 .text          0x0000006a        0x2 c:/winavr-20100110/bin/../lib/gcc/avr/4.3.3/../../../../avr/lib/avr4/crtm88.o
                0x0000006a                __vector_22
                0x0000006a                __vector_1
                0x0000006a                __vector_24
                0x0000006a                __vector_12
                0x0000006a                __bad_interrupt
                0x0000006a                __vector_3
                0x0000006a                __vector_23
                0x0000006a                __vector_25
                0x0000006a                __vector_13
                0x0000006a                __vector_17
                0x0000006a                __vector_19
                0x0000006a                __vector_7
                0x0000006a                __vector_5
                0x0000006a                __vector_4
                0x0000006a                __vector_9
                0x0000006a                __vector_2
                0x0000006a                __vector_21
                0x0000006a                __vector_15
                0x0000006a                __vector_8
                0x0000006a                __vector_14
                0x0000006a                __vector_10
                0x0000006a                __vector_16
                0x0000006a                __vector_20
 .text          0x0000006c      0x30a 3964r.o
                0x000001ee                send_data_3964r
                0x0000006c                process_bcc_3964r
                0x0000035e                init_3964r
                0x000000aa                get_data_3964r
                0x0000008c                sum_error_3964r
 .text          0x00000376      0x108 I2Cmaster.o
                0x00000432                i2c_write
                0x0000046a                i2c_readNak
                0x00000456                i2c_readAck
                0x0000041e                i2c_rep_start
                0x00000382                i2c_start
                0x00000422                i2c_stop
                0x000003ce                i2c_start_wait
                0x00000376                i2c_init
 .text          0x0000047e      0x58e main.o
                0x0000047e                transmission
                0x000004da                init
                0x000005be                main
                0x00000536                __vector_18
 .text          0x00000a0c       0x64 timer1.o
                0x00000a28                start_timer1
                0x00000a40                stop_timer1
                0x00000a58                __vector_11
                0x00000a0c                init_timer1
 .text          0x00000a70       0xb0 usart.o
                0x00000aa6                getchar_usart
                0x00000a96                putchar_usart
                0x00000aec                puts_usart
                0x00000a70                init_usart
                0x00000ac8                gets_usart
 .text          0x00000b20       0x70 watchdog.o
                0x00000b34                __vector_6
                0x00000b20                init_watchdog
 .text          0x00000b90       0x66 DS7505.o
                0x00000bb6                get_DS7505_Devices
                0x00000b90                initDS7505
 .text          0x00000bf6       0xbe gestion_T.o
                0x00000c3e                stringTemp
                0x00000bf6                convertTemp
 .text          0x00000cb4       0xa4 ADC.o
                0x00000cb4                InitADC
                0x00000cdc                ReadADC
                0x00000cca                ClearFlagADC
                0x00000cf4                StartADC
 .text          0x00000d58       0x4e gestion_H.o
                0x00000d90                stringHum
                0x00000d58                convertHum
 .text          0x00000da6       0x8e SHT21.o
                0x00000df2                get_SHT21_Devices
                0x00000dc6                initSHT21
                0x00000da6                SHT21_SoftReset
 .text          0x00000e34       0xb8 gestion_P.o
                0x00000e34                convertPressure
 .text          0x00000eec       0x84 gestion_A.o
                0x00000eec                convertAcc
 .text          0x00000f70        0x0 c:/winavr-20100110/bin/../lib/gcc/avr/4.3.3/avr4\libgcc.a(_mulsi3.o)
 .text          0x00000f70        0x0 c:/winavr-20100110/bin/../lib/gcc/avr/4.3.3/avr4\libgcc.a(_udivmodqi4.o)
 .text          0x00000f70        0x0 c:/winavr-20100110/bin/../lib/gcc/avr/4.3.3/avr4\libgcc.a(_exit.o)
 .text          0x00000f70        0x0 c:/winavr-20100110/bin/../lib/gcc/avr/4.3.3/avr4\libgcc.a(_copy_data.o)
 .text          0x00000f70        0x0 c:/winavr-20100110/bin/../lib/gcc/avr/4.3.3/avr4\libgcc.a(_clear_bss.o)
 .text          0x00000f70      0x338 c:/winavr-20100110/bin/../lib/gcc/avr/4.3.3/avr4\libgcc.a(_addsub_sf.o)
                0x00001204                __subsf3
                0x0000125a                __addsf3
 .text          0x000012a8      0x1ea c:/winavr-20100110/bin/../lib/gcc/avr/4.3.3/avr4\libgcc.a(_mul_sf.o)
                0x000012a8                __mulsf3
 .text          0x00001492       0xb4 c:/winavr-20100110/bin/../lib/gcc/avr/4.3.3/avr4\libgcc.a(_si_to_sf.o)
                0x00001492                __floatsisf
 .text          0x00001546       0xa2 c:/winavr-20100110/bin/../lib/gcc/avr/4.3.3/avr4\libgcc.a(_sf_to_si.o)
                0x00001546                __fixsfsi
 .text          0x000015e8        0x0 c:/winavr-20100110/bin/../lib/gcc/avr/4.3.3/avr4\libgcc.a(_thenan_sf.o)
 .text          0x000015e8        0x0 c:/winavr-20100110/bin/../lib/gcc/avr/4.3.3/avr4\libgcc.a(_prologue.o)
 .text          0x000015e8        0x0 c:/winavr-20100110/bin/../lib/gcc/avr/4.3.3/avr4\libgcc.a(_epilogue.o)
 .text          0x000015e8       0x9e c:/winavr-20100110/bin/../lib/gcc/avr/4.3.3/avr4\libgcc.a(_clzsi2.o)
                0x000015e8                __clzsi2
 .text          0x00001686      0x1aa c:/winavr-20100110/bin/../lib/gcc/avr/4.3.3/avr4\libgcc.a(_pack_sf.o)
                0x00001686                __pack_f
 .text          0x00001830       0xf0 c:/winavr-20100110/bin/../lib/gcc/avr/4.3.3/avr4\libgcc.a(_unpack_sf.o)
                0x00001830                __unpack_f
 .text          0x00001920        0x0 c:/winavr-20100110/bin/../lib/gcc/avr/4.3.3/avr4\libgcc.a(_clz.o)
 .text          0x00001920        0x0 c:/winavr-20100110/bin/../lib/gcc/avr/4.3.3/../../../../avr/lib/avr4\libc.a(memset.o)
                0x00001920                . = ALIGN (0x2)
 *(.text.*)
 .text.libgcc   0x00001920       0x3e c:/winavr-20100110/bin/../lib/gcc/avr/4.3.3/avr4\libgcc.a(_mulsi3.o)
                0x00001920                __mulsi3
 .text.libgcc   0x0000195e       0x18 c:/winavr-20100110/bin/../lib/gcc/avr/4.3.3/avr4\libgcc.a(_udivmodqi4.o)
                0x0000195e                __udivmodqi4
 .text.libgcc   0x00001976        0x0 c:/winavr-20100110/bin/../lib/gcc/avr/4.3.3/avr4\libgcc.a(_exit.o)
 .text.libgcc   0x00001976        0x0 c:/winavr-20100110/bin/../lib/gcc/avr/4.3.3/avr4\libgcc.a(_copy_data.o)
 .text.libgcc   0x00001976        0x0 c:/winavr-20100110/bin/../lib/gcc/avr/4.3.3/avr4\libgcc.a(_clear_bss.o)
 .text.libgcc   0x00001976       0x38 c:/winavr-20100110/bin/../lib/gcc/avr/4.3.3/avr4\libgcc.a(_prologue.o)
                0x00001976                __prologue_saves__
 .text.libgcc   0x000019ae       0x36 c:/winavr-20100110/bin/../lib/gcc/avr/4.3.3/avr4\libgcc.a(_epilogue.o)
                0x000019ae                __epilogue_restores__
 .text.avr-libc
                0x000019e4        0xe c:/winavr-20100110/bin/../lib/gcc/avr/4.3.3/../../../../avr/lib/avr4\libc.a(memset.o)
                0x000019e4                memset
                0x000019f2                . = ALIGN (0x2)
 *(.fini9)
 .fini9         0x000019f2        0x0 c:/winavr-20100110/bin/../lib/gcc/avr/4.3.3/avr4\libgcc.a(_exit.o)
                0x000019f2                exit
                0x000019f2                _exit
 *(.fini9)
 *(.fini8)
 *(.fini8)
 *(.fini7)
 *(.fini7)
 *(.fini6)
 *(.fini6)
 *(.fini5)
 *(.fini5)
 *(.fini4)
 *(.fini4)
 *(.fini3)
 *(.fini3)
 *(.fini2)
 *(.fini2)
 *(.fini1)
 *(.fini1)
 *(.fini0)
 .fini0         0x000019f2        0x4 c:/winavr-20100110/bin/../lib/gcc/avr/4.3.3/avr4\libgcc.a(_exit.o)
 *(.fini0)
                0x000019f6                _etext = .

.data           0x00800100      0x10e load address 0x000019f6
                0x00800100                PROVIDE (__data_start, .)
 *(.data)
 .data          0x00800100        0x0 c:/winavr-20100110/bin/../lib/gcc/avr/4.3.3/../../../../avr/lib/avr4/crtm88.o
 .data          0x00800100        0x1 3964r.o
                0x00800100                priority
 .data          0x00800101        0x0 I2Cmaster.o
 .data          0x00800101        0x3 main.o
                0x00800103                debug
                0x00800101                Sens_0
                0x00800102                Sens_1
 .data          0x00800104        0x0 timer1.o
 .data          0x00800104        0x0 usart.o
 .data          0x00800104        0x2 watchdog.o
                0x00800104                timeout
 .data          0x00800106        0x0 DS7505.o
 .data          0x00800106        0x0 gestion_T.o
 .data          0x00800106        0x0 ADC.o
 .data          0x00800106        0x0 gestion_H.o
 .data          0x00800106        0x0 SHT21.o
 .data          0x00800106        0x0 gestion_P.o
 .data          0x00800106        0x0 gestion_A.o
 .data          0x00800106        0x0 c:/winavr-20100110/bin/../lib/gcc/avr/4.3.3/avr4\libgcc.a(_mulsi3.o)
 .data          0x00800106        0x0 c:/winavr-20100110/bin/../lib/gcc/avr/4.3.3/avr4\libgcc.a(_udivmodqi4.o)
 .data          0x00800106        0x0 c:/winavr-20100110/bin/../lib/gcc/avr/4.3.3/avr4\libgcc.a(_exit.o)
 .data          0x00800106        0x0 c:/winavr-20100110/bin/../lib/gcc/avr/4.3.3/avr4\libgcc.a(_copy_data.o)
 .data          0x00800106        0x0 c:/winavr-20100110/bin/../lib/gcc/avr/4.3.3/avr4\libgcc.a(_clear_bss.o)
 .data          0x00800106        0x0 c:/winavr-20100110/bin/../lib/gcc/avr/4.3.3/avr4\libgcc.a(_addsub_sf.o)
 .data          0x00800106        0x0 c:/winavr-20100110/bin/../lib/gcc/avr/4.3.3/avr4\libgcc.a(_mul_sf.o)
 .data          0x00800106        0x0 c:/winavr-20100110/bin/../lib/gcc/avr/4.3.3/avr4\libgcc.a(_si_to_sf.o)
 .data          0x00800106        0x0 c:/winavr-20100110/bin/../lib/gcc/avr/4.3.3/avr4\libgcc.a(_sf_to_si.o)
 .data          0x00800106        0x8 c:/winavr-20100110/bin/../lib/gcc/avr/4.3.3/avr4\libgcc.a(_thenan_sf.o)
                0x00800106                __thenan_sf
 .data          0x0080010e        0x0 c:/winavr-20100110/bin/../lib/gcc/avr/4.3.3/avr4\libgcc.a(_prologue.o)
 .data          0x0080010e        0x0 c:/winavr-20100110/bin/../lib/gcc/avr/4.3.3/avr4\libgcc.a(_epilogue.o)
 .data          0x0080010e        0x0 c:/winavr-20100110/bin/../lib/gcc/avr/4.3.3/avr4\libgcc.a(_clzsi2.o)
 .data          0x0080010e        0x0 c:/winavr-20100110/bin/../lib/gcc/avr/4.3.3/avr4\libgcc.a(_pack_sf.o)
 .data          0x0080010e        0x0 c:/winavr-20100110/bin/../lib/gcc/avr/4.3.3/avr4\libgcc.a(_unpack_sf.o)
 .data          0x0080010e      0x100 c:/winavr-20100110/bin/../lib/gcc/avr/4.3.3/avr4\libgcc.a(_clz.o)
                0x0080010e                __clz_tab
 .data          0x0080020e        0x0 c:/winavr-20100110/bin/../lib/gcc/avr/4.3.3/../../../../avr/lib/avr4\libc.a(memset.o)
 *(.data*)
 *(.rodata)
 *(.rodata*)
 *(.gnu.linkonce.d*)
                0x0080020e                . = ALIGN (0x2)
                0x0080020e                _edata = .
                0x0080020e                PROVIDE (__data_end, .)

.bss            0x0080020e       0x55
                0x0080020e                PROVIDE (__bss_start, .)
 *(.bss)
 .bss           0x0080020e        0x0 c:/winavr-20100110/bin/../lib/gcc/avr/4.3.3/../../../../avr/lib/avr4/crtm88.o
 .bss           0x0080020e        0x0 3964r.o
 .bss           0x0080020e        0x0 I2Cmaster.o
 .bss           0x0080020e        0x4 main.o
                0x0080020f                datanumber
                0x00800211                ADC_Choice
                0x0080020e                bufUSART_RX
 .bss           0x00800212        0x0 timer1.o
 .bss           0x00800212        0x0 usart.o
 .bss           0x00800212        0x0 watchdog.o
 .bss           0x00800212        0x0 DS7505.o
 .bss           0x00800212        0x0 gestion_T.o
 .bss           0x00800212        0x0 ADC.o
 .bss           0x00800212        0x0 gestion_H.o
 .bss           0x00800212        0x0 SHT21.o
 .bss           0x00800212        0x0 gestion_P.o
 .bss           0x00800212        0x0 gestion_A.o
 .bss           0x00800212        0x0 c:/winavr-20100110/bin/../lib/gcc/avr/4.3.3/avr4\libgcc.a(_mulsi3.o)
 .bss           0x00800212        0x0 c:/winavr-20100110/bin/../lib/gcc/avr/4.3.3/avr4\libgcc.a(_udivmodqi4.o)
 .bss           0x00800212        0x0 c:/winavr-20100110/bin/../lib/gcc/avr/4.3.3/avr4\libgcc.a(_exit.o)
 .bss           0x00800212        0x0 c:/winavr-20100110/bin/../lib/gcc/avr/4.3.3/avr4\libgcc.a(_copy_data.o)
 .bss           0x00800212        0x0 c:/winavr-20100110/bin/../lib/gcc/avr/4.3.3/avr4\libgcc.a(_clear_bss.o)
 .bss           0x00800212        0x0 c:/winavr-20100110/bin/../lib/gcc/avr/4.3.3/avr4\libgcc.a(_addsub_sf.o)
 .bss           0x00800212        0x0 c:/winavr-20100110/bin/../lib/gcc/avr/4.3.3/avr4\libgcc.a(_mul_sf.o)
 .bss           0x00800212        0x0 c:/winavr-20100110/bin/../lib/gcc/avr/4.3.3/avr4\libgcc.a(_si_to_sf.o)
 .bss           0x00800212        0x0 c:/winavr-20100110/bin/../lib/gcc/avr/4.3.3/avr4\libgcc.a(_sf_to_si.o)
 .bss           0x00800212        0x0 c:/winavr-20100110/bin/../lib/gcc/avr/4.3.3/avr4\libgcc.a(_thenan_sf.o)
 .bss           0x00800212        0x0 c:/winavr-20100110/bin/../lib/gcc/avr/4.3.3/avr4\libgcc.a(_prologue.o)
 .bss           0x00800212        0x0 c:/winavr-20100110/bin/../lib/gcc/avr/4.3.3/avr4\libgcc.a(_epilogue.o)
 .bss           0x00800212        0x0 c:/winavr-20100110/bin/../lib/gcc/avr/4.3.3/avr4\libgcc.a(_clzsi2.o)
 .bss           0x00800212        0x0 c:/winavr-20100110/bin/../lib/gcc/avr/4.3.3/avr4\libgcc.a(_pack_sf.o)
 .bss           0x00800212        0x0 c:/winavr-20100110/bin/../lib/gcc/avr/4.3.3/avr4\libgcc.a(_unpack_sf.o)
 .bss           0x00800212        0x0 c:/winavr-20100110/bin/../lib/gcc/avr/4.3.3/avr4\libgcc.a(_clz.o)
 .bss           0x00800212        0x0 c:/winavr-20100110/bin/../lib/gcc/avr/4.3.3/../../../../avr/lib/avr4\libc.a(memset.o)
 *(.bss*)
 *(COMMON)
 COMMON         0x00800212        0x7 3964r.o
                0x00800212                flag_usart
                0x00800213                tab_error_3964r
                0x00800218                flag_timer1
 COMMON         0x00800219       0x4a main.o
                0x00800219                listTemp
                0x0080021c                TEMP1H
                0x0080021d                ADC1L
                0x0080021e                IMP1H
                0x0080021f                Result
                0x00800220                data_to_transmit
                0x00800222                HUM1L
                0x00800223                TEMP6H
                0x00800224                HUM2L
                0x00800225                TRANSMIT_STATUT
                0x00800226                TEMP7H
                0x00800227                TEMP7L
                0x00800228                TEMP2H
                0x00800229                TEMP8H
                0x0080022a                tempHum
                0x0080022b                TEMP5H
                0x0080022c                IMP2L
                0x0080022d                ADC2L
                0x0080022e                ADCL_Temp
                0x0080022f                TEMP8L
                0x00800230                ACCL
                0x00800231                ADC3H
                0x00800232                fonctionnement_RX
                0x00800233                ACCH
                0x00800234                ADC3L
                0x00800235                decalage
                0x00800236                ADC4H
                0x00800237                TEMP6L
                0x00800238                ADC2H
                0x00800239                data
                0x00800252                TEMP5L
                0x00800253                ADC1H
                0x00800254                numero_capteur
                0x00800255                IMP2H
                0x00800256                IMP1L
                0x00800257                ADCH_Temp
                0x00800258                TEMP4L
                0x00800259                ProfInit
                0x0080025b                HUM1H
                0x0080025c                TEMP4H
                0x0080025d                ADC4L
                0x0080025e                TEMP3H
                0x0080025f                TEMP1L
                0x00800260                TEMP2L
                0x00800261                TEMP3L
                0x00800262                HUM2H
                0x00800263                PROVIDE (__bss_end, .)
                0x000019f6                __data_load_start = LOADADDR (.data)
                0x00001b04                __data_load_end = (__data_load_start + SIZEOF (.data))

.noinit         0x00800263        0x0
                0x00800263                PROVIDE (__noinit_start, .)
 *(.noinit*)
                0x00800263                PROVIDE (__noinit_end, .)
                0x00800263                _end = .
                0x00800263                PROVIDE (__heap_start, .)

.eeprom         0x00810000        0x0
 *(.eeprom*)
                0x00810000                __eeprom_end = .

.fuse
 *(.fuse)
 *(.lfuse)
 *(.hfuse)
 *(.efuse)

.lock
 *(.lock*)

.signature
 *(.signature*)

.stab
 *(.stab)

.stabstr
 *(.stabstr)

.stab.excl
 *(.stab.excl)

.stab.exclstr
 *(.stab.exclstr)

.stab.index
 *(.stab.index)

.stab.indexstr
 *(.stab.indexstr)

.comment
 *(.comment)

.debug
 *(.debug)

.line
 *(.line)

.debug_srcinfo
 *(.debug_srcinfo)

.debug_sfnames
 *(.debug_sfnames)

.debug_aranges  0x00000000      0x280
 *(.debug_aranges)
 .debug_aranges
                0x00000000       0x20 3964r.o
 .debug_aranges
                0x00000020       0x20 I2Cmaster.o
 .debug_aranges
                0x00000040       0x20 main.o
 .debug_aranges
                0x00000060       0x20 timer1.o
 .debug_aranges
                0x00000080       0x20 usart.o
 .debug_aranges
                0x000000a0       0x20 watchdog.o
 .debug_aranges
                0x000000c0       0x20 DS7505.o
 .debug_aranges
                0x000000e0       0x20 gestion_T.o
 .debug_aranges
                0x00000100       0x20 ADC.o
 .debug_aranges
                0x00000120       0x20 gestion_H.o
 .debug_aranges
                0x00000140       0x20 SHT21.o
 .debug_aranges
                0x00000160       0x20 gestion_P.o
 .debug_aranges
                0x00000180       0x20 gestion_A.o
 .debug_aranges
                0x000001a0       0x20 c:/winavr-20100110/bin/../lib/gcc/avr/4.3.3/avr4\libgcc.a(_addsub_sf.o)
 .debug_aranges
                0x000001c0       0x20 c:/winavr-20100110/bin/../lib/gcc/avr/4.3.3/avr4\libgcc.a(_mul_sf.o)
 .debug_aranges
                0x000001e0       0x20 c:/winavr-20100110/bin/../lib/gcc/avr/4.3.3/avr4\libgcc.a(_si_to_sf.o)
 .debug_aranges
                0x00000200       0x20 c:/winavr-20100110/bin/../lib/gcc/avr/4.3.3/avr4\libgcc.a(_sf_to_si.o)
 .debug_aranges
                0x00000220       0x20 c:/winavr-20100110/bin/../lib/gcc/avr/4.3.3/avr4\libgcc.a(_clzsi2.o)
 .debug_aranges
                0x00000240       0x20 c:/winavr-20100110/bin/../lib/gcc/avr/4.3.3/avr4\libgcc.a(_pack_sf.o)
 .debug_aranges
                0x00000260       0x20 c:/winavr-20100110/bin/../lib/gcc/avr/4.3.3/avr4\libgcc.a(_unpack_sf.o)

.debug_pubnames
                0x00000000      0x7cb
 *(.debug_pubnames)
 .debug_pubnames
                0x00000000       0xb2 3964r.o
 .debug_pubnames
                0x000000b2       0x8d I2Cmaster.o
 .debug_pubnames
                0x0000013f      0x2c9 main.o
 .debug_pubnames
                0x00000408       0x63 timer1.o
 .debug_pubnames
                0x0000046b       0x82 usart.o
 .debug_pubnames
                0x000004ed       0x3f watchdog.o
 .debug_pubnames
                0x0000052c       0x38 DS7505.o
 .debug_pubnames
                0x00000564       0x31 gestion_T.o
 .debug_pubnames
                0x00000595       0x48 ADC.o
 .debug_pubnames
                0x000005dd       0x2f gestion_H.o
 .debug_pubnames
                0x0000060c       0x4a SHT21.o
 .debug_pubnames
                0x00000656       0x26 gestion_P.o
 .debug_pubnames
                0x0000067c       0x21 gestion_A.o
 .debug_pubnames
                0x0000069d       0x2c c:/winavr-20100110/bin/../lib/gcc/avr/4.3.3/avr4\libgcc.a(_addsub_sf.o)
 .debug_pubnames
                0x000006c9       0x1f c:/winavr-20100110/bin/../lib/gcc/avr/4.3.3/avr4\libgcc.a(_mul_sf.o)
 .debug_pubnames
                0x000006e8       0x22 c:/winavr-20100110/bin/../lib/gcc/avr/4.3.3/avr4\libgcc.a(_si_to_sf.o)
 .debug_pubnames
                0x0000070a       0x20 c:/winavr-20100110/bin/../lib/gcc/avr/4.3.3/avr4\libgcc.a(_sf_to_si.o)
 .debug_pubnames
                0x0000072a       0x22 c:/winavr-20100110/bin/../lib/gcc/avr/4.3.3/avr4\libgcc.a(_thenan_sf.o)
 .debug_pubnames
                0x0000074c       0x1f c:/winavr-20100110/bin/../lib/gcc/avr/4.3.3/avr4\libgcc.a(_clzsi2.o)
 .debug_pubnames
                0x0000076b       0x1f c:/winavr-20100110/bin/../lib/gcc/avr/4.3.3/avr4\libgcc.a(_pack_sf.o)
 .debug_pubnames
                0x0000078a       0x21 c:/winavr-20100110/bin/../lib/gcc/avr/4.3.3/avr4\libgcc.a(_unpack_sf.o)
 .debug_pubnames
                0x000007ab       0x20 c:/winavr-20100110/bin/../lib/gcc/avr/4.3.3/avr4\libgcc.a(_clz.o)

.debug_info     0x00000000     0x2977
 *(.debug_info)
 .debug_info    0x00000000      0x2a7 3964r.o
 .debug_info    0x000002a7      0x196 I2Cmaster.o
 .debug_info    0x0000043d      0x57b main.o
 .debug_info    0x000009b8       0xd9 timer1.o
 .debug_info    0x00000a91      0x196 usart.o
 .debug_info    0x00000c27       0x9d watchdog.o
 .debug_info    0x00000cc4      0x17f DS7505.o
 .debug_info    0x00000e43       0xcb gestion_T.o
 .debug_info    0x00000f0e       0xdf ADC.o
 .debug_info    0x00000fed       0xbc gestion_H.o
 .debug_info    0x000010a9      0x1ed SHT21.o
 .debug_info    0x00001296       0x8f gestion_P.o
 .debug_info    0x00001325       0x80 gestion_A.o
 .debug_info    0x000013a5      0x47a c:/winavr-20100110/bin/../lib/gcc/avr/4.3.3/avr4\libgcc.a(_addsub_sf.o)
 .debug_info    0x0000181f      0x485 c:/winavr-20100110/bin/../lib/gcc/avr/4.3.3/avr4\libgcc.a(_mul_sf.o)
 .debug_info    0x00001ca4      0x207 c:/winavr-20100110/bin/../lib/gcc/avr/4.3.3/avr4\libgcc.a(_si_to_sf.o)
 .debug_info    0x00001eab      0x2b0 c:/winavr-20100110/bin/../lib/gcc/avr/4.3.3/avr4\libgcc.a(_sf_to_si.o)
 .debug_info    0x0000215b      0x12c c:/winavr-20100110/bin/../lib/gcc/avr/4.3.3/avr4\libgcc.a(_thenan_sf.o)
 .debug_info    0x00002287      0x117 c:/winavr-20100110/bin/../lib/gcc/avr/4.3.3/avr4\libgcc.a(_clzsi2.o)
 .debug_info    0x0000239e      0x2df c:/winavr-20100110/bin/../lib/gcc/avr/4.3.3/avr4\libgcc.a(_pack_sf.o)
 .debug_info    0x0000267d      0x251 c:/winavr-20100110/bin/../lib/gcc/avr/4.3.3/avr4\libgcc.a(_unpack_sf.o)
 .debug_info    0x000028ce       0xa9 c:/winavr-20100110/bin/../lib/gcc/avr/4.3.3/avr4\libgcc.a(_clz.o)
 *(.gnu.linkonce.wi.*)

.debug_abbrev   0x00000000     0x14a8
 *(.debug_abbrev)
 .debug_abbrev  0x00000000      0x184 3964r.o
 .debug_abbrev  0x00000184       0xbe I2Cmaster.o
 .debug_abbrev  0x00000242       0xe0 main.o
 .debug_abbrev  0x00000322       0x7d timer1.o
 .debug_abbrev  0x0000039f      0x103 usart.o
 .debug_abbrev  0x000004a2       0x57 watchdog.o
 .debug_abbrev  0x000004f9       0xc8 DS7505.o
 .debug_abbrev  0x000005c1       0x8e gestion_T.o
 .debug_abbrev  0x0000064f       0x83 ADC.o
 .debug_abbrev  0x000006d2       0x83 gestion_H.o
 .debug_abbrev  0x00000755       0xc8 SHT21.o
 .debug_abbrev  0x0000081d       0x68 gestion_P.o
 .debug_abbrev  0x00000885       0x68 gestion_A.o
 .debug_abbrev  0x000008ed      0x1ea c:/winavr-20100110/bin/../lib/gcc/avr/4.3.3/avr4\libgcc.a(_addsub_sf.o)
 .debug_abbrev  0x00000ad7      0x21b c:/winavr-20100110/bin/../lib/gcc/avr/4.3.3/avr4\libgcc.a(_mul_sf.o)
 .debug_abbrev  0x00000cf2      0x148 c:/winavr-20100110/bin/../lib/gcc/avr/4.3.3/avr4\libgcc.a(_si_to_sf.o)
 .debug_abbrev  0x00000e3a      0x17f c:/winavr-20100110/bin/../lib/gcc/avr/4.3.3/avr4\libgcc.a(_sf_to_si.o)
 .debug_abbrev  0x00000fb9       0xad c:/winavr-20100110/bin/../lib/gcc/avr/4.3.3/avr4\libgcc.a(_thenan_sf.o)
 .debug_abbrev  0x00001066       0xc4 c:/winavr-20100110/bin/../lib/gcc/avr/4.3.3/avr4\libgcc.a(_clzsi2.o)
 .debug_abbrev  0x0000112a      0x1c0 c:/winavr-20100110/bin/../lib/gcc/avr/4.3.3/avr4\libgcc.a(_pack_sf.o)
 .debug_abbrev  0x000012ea      0x154 c:/winavr-20100110/bin/../lib/gcc/avr/4.3.3/avr4\libgcc.a(_unpack_sf.o)
 .debug_abbrev  0x0000143e       0x6a c:/winavr-20100110/bin/../lib/gcc/avr/4.3.3/avr4\libgcc.a(_clz.o)

.debug_line     0x00000000     0x227d
 *(.debug_line)
 .debug_line    0x00000000      0x3d1 3964r.o
 .debug_line    0x000003d1      0x233 I2Cmaster.o
 .debug_line    0x00000604      0x5c7 main.o
 .debug_line    0x00000bcb       0xf9 timer1.o
 .debug_line    0x00000cc4      0x14f usart.o
 .debug_line    0x00000e13       0xe7 watchdog.o
 .debug_line    0x00000efa      0x194 DS7505.o
 .debug_line    0x0000108e      0x120 gestion_T.o
 .debug_line    0x000011ae      0x13a ADC.o
 .debug_line    0x000012e8       0xb8 gestion_H.o
 .debug_line    0x000013a0      0x1d9 SHT21.o
 .debug_line    0x00001579       0xb0 gestion_P.o
 .debug_line    0x00001629       0xa8 gestion_A.o
 .debug_line    0x000016d1      0x2af c:/winavr-20100110/bin/../lib/gcc/avr/4.3.3/avr4\libgcc.a(_addsub_sf.o)
 .debug_line    0x00001980      0x239 c:/winavr-20100110/bin/../lib/gcc/avr/4.3.3/avr4\libgcc.a(_mul_sf.o)
 .debug_line    0x00001bb9      0x135 c:/winavr-20100110/bin/../lib/gcc/avr/4.3.3/avr4\libgcc.a(_si_to_sf.o)
 .debug_line    0x00001cee      0x109 c:/winavr-20100110/bin/../lib/gcc/avr/4.3.3/avr4\libgcc.a(_sf_to_si.o)
 .debug_line    0x00001df7       0x90 c:/winavr-20100110/bin/../lib/gcc/avr/4.3.3/avr4\libgcc.a(_thenan_sf.o)
 .debug_line    0x00001e87       0xa5 c:/winavr-20100110/bin/../lib/gcc/avr/4.3.3/avr4\libgcc.a(_clzsi2.o)
 .debug_line    0x00001f2c      0x18a c:/winavr-20100110/bin/../lib/gcc/avr/4.3.3/avr4\libgcc.a(_pack_sf.o)
 .debug_line    0x000020b6      0x14b c:/winavr-20100110/bin/../lib/gcc/avr/4.3.3/avr4\libgcc.a(_unpack_sf.o)
 .debug_line    0x00002201       0x7c c:/winavr-20100110/bin/../lib/gcc/avr/4.3.3/avr4\libgcc.a(_clz.o)

.debug_frame    0x00000000      0x480
 *(.debug_frame)
 .debug_frame   0x00000000       0x60 3964r.o
 .debug_frame   0x00000060       0x90 I2Cmaster.o
 .debug_frame   0x000000f0       0x50 main.o
 .debug_frame   0x00000140       0x50 timer1.o
 .debug_frame   0x00000190       0x60 usart.o
 .debug_frame   0x000001f0       0x30 watchdog.o
 .debug_frame   0x00000220       0x30 DS7505.o
 .debug_frame   0x00000250       0x30 gestion_T.o
 .debug_frame   0x00000280       0x50 ADC.o
 .debug_frame   0x000002d0       0x30 gestion_H.o
 .debug_frame   0x00000300       0x40 SHT21.o
 .debug_frame   0x00000340       0x20 gestion_P.o
 .debug_frame   0x00000360       0x20 gestion_A.o
 .debug_frame   0x00000380       0x40 c:/winavr-20100110/bin/../lib/gcc/avr/4.3.3/avr4\libgcc.a(_addsub_sf.o)
 .debug_frame   0x000003c0       0x20 c:/winavr-20100110/bin/../lib/gcc/avr/4.3.3/avr4\libgcc.a(_mul_sf.o)
 .debug_frame   0x000003e0       0x20 c:/winavr-20100110/bin/../lib/gcc/avr/4.3.3/avr4\libgcc.a(_si_to_sf.o)
 .debug_frame   0x00000400       0x20 c:/winavr-20100110/bin/../lib/gcc/avr/4.3.3/avr4\libgcc.a(_sf_to_si.o)
 .debug_frame   0x00000420       0x20 c:/winavr-20100110/bin/../lib/gcc/avr/4.3.3/avr4\libgcc.a(_clzsi2.o)
 .debug_frame   0x00000440       0x20 c:/winavr-20100110/bin/../lib/gcc/avr/4.3.3/avr4\libgcc.a(_pack_sf.o)
 .debug_frame   0x00000460       0x20 c:/winavr-20100110/bin/../lib/gcc/avr/4.3.3/avr4\libgcc.a(_unpack_sf.o)

.debug_str      0x00000000      0x90f
 *(.debug_str)
 .debug_str     0x00000000      0x140 3964r.o
                                0x179 (size before relaxing)
 .debug_str     0x00000140       0x7f I2Cmaster.o
                                0x145 (size before relaxing)
 .debug_str     0x000001bf      0x239 main.o
                                0x327 (size before relaxing)
 .debug_str     0x000003f8       0x42 timer1.o
                                0x10f (size before relaxing)
 .debug_str     0x0000043a       0x54 usart.o
                                0x131 (size before relaxing)
 .debug_str     0x0000048e       0x2f watchdog.o
                                 0xf0 (size before relaxing)
 .debug_str     0x000004bd       0x77 DS7505.o
                                0x146 (size before relaxing)
 .debug_str     0x00000534       0x64 gestion_T.o
                                 0xd0 (size before relaxing)
 .debug_str     0x00000598       0x4e ADC.o
                                0x114 (size before relaxing)
 .debug_str     0x000005e6       0x50 gestion_H.o
                                 0xcf (size before relaxing)
 .debug_str     0x00000636       0x3f SHT21.o
                                0x152 (size before relaxing)
 .debug_str     0x00000675       0x36 gestion_P.o
                                 0xa8 (size before relaxing)
 .debug_str     0x000006ab       0x1a gestion_A.o
                                 0x91 (size before relaxing)
 .debug_str     0x000006c5      0x184 c:/winavr-20100110/bin/../lib/gcc/avr/4.3.3/avr4\libgcc.a(_addsub_sf.o)
                                0x206 (size before relaxing)
 .debug_str     0x00000849       0x27 c:/winavr-20100110/bin/../lib/gcc/avr/4.3.3/avr4\libgcc.a(_mul_sf.o)
                                0x1bf (size before relaxing)
 .debug_str     0x00000870       0x1e c:/winavr-20100110/bin/../lib/gcc/avr/4.3.3/avr4\libgcc.a(_si_to_sf.o)
                                0x17b (size before relaxing)
 .debug_str     0x0000088e        0xa c:/winavr-20100110/bin/../lib/gcc/avr/4.3.3/avr4\libgcc.a(_sf_to_si.o)
                                0x19e (size before relaxing)
 .debug_str     0x00000000      0x103 c:/winavr-20100110/bin/../lib/gcc/avr/4.3.3/avr4\libgcc.a(_thenan_sf.o)
 .debug_str     0x00000898       0x5c c:/winavr-20100110/bin/../lib/gcc/avr/4.3.3/avr4\libgcc.a(_clzsi2.o)
                                0x111 (size before relaxing)
 .debug_str     0x000008f4       0x10 c:/winavr-20100110/bin/../lib/gcc/avr/4.3.3/avr4\libgcc.a(_pack_sf.o)
                                0x19d (size before relaxing)
 .debug_str     0x00000904        0xb c:/winavr-20100110/bin/../lib/gcc/avr/4.3.3/avr4\libgcc.a(_unpack_sf.o)
                                0x17f (size before relaxing)
 .debug_str     0x00000000       0xf4 c:/winavr-20100110/bin/../lib/gcc/avr/4.3.3/avr4\libgcc.a(_clz.o)

.debug_loc      0x00000000     0x10ed
 *(.debug_loc)
 .debug_loc     0x00000000      0x1b0 3964r.o
 .debug_loc     0x000001b0       0xbf I2Cmaster.o
 .debug_loc     0x0000026f       0x5a main.o
 .debug_loc     0x000002c9       0x18 timer1.o
 .debug_loc     0x000002e1       0xc2 usart.o
 .debug_loc     0x000003a3       0xc3 DS7505.o
 .debug_loc     0x00000466       0xc8 gestion_T.o
 .debug_loc     0x0000052e       0x67 ADC.o
 .debug_loc     0x00000595       0x92 gestion_H.o
 .debug_loc     0x00000627      0x138 SHT21.o
 .debug_loc     0x0000075f      0x110 gestion_P.o
 .debug_loc     0x0000086f       0xa8 gestion_A.o
 .debug_loc     0x00000917      0x32a c:/winavr-20100110/bin/../lib/gcc/avr/4.3.3/avr4\libgcc.a(_addsub_sf.o)
 .debug_loc     0x00000c41      0x104 c:/winavr-20100110/bin/../lib/gcc/avr/4.3.3/avr4\libgcc.a(_mul_sf.o)
 .debug_loc     0x00000d45       0xac c:/winavr-20100110/bin/../lib/gcc/avr/4.3.3/avr4\libgcc.a(_si_to_sf.o)
 .debug_loc     0x00000df1       0x7e c:/winavr-20100110/bin/../lib/gcc/avr/4.3.3/avr4\libgcc.a(_sf_to_si.o)
 .debug_loc     0x00000e6f       0x94 c:/winavr-20100110/bin/../lib/gcc/avr/4.3.3/avr4\libgcc.a(_clzsi2.o)
 .debug_loc     0x00000f03      0x13e c:/winavr-20100110/bin/../lib/gcc/avr/4.3.3/avr4\libgcc.a(_pack_sf.o)
 .debug_loc     0x00001041       0xac c:/winavr-20100110/bin/../lib/gcc/avr/4.3.3/avr4\libgcc.a(_unpack_sf.o)

.debug_macinfo
 *(.debug_macinfo)
OUTPUT(Carte_capteur.elf elf32-avr)
LOAD linker stubs

.debug_ranges   0x00000000       0x50
 .debug_ranges  0x00000000       0x50 c:/winavr-20100110/bin/../lib/gcc/avr/4.3.3/avr4\libgcc.a(_mul_sf.o)
