Archive member included because of file (symbol)

c:/winavr-20100110/bin/../lib/gcc/avr/4.3.3/avr4\libgcc.a(_exit.o)
                              c:/winavr-20100110/bin/../lib/gcc/avr/4.3.3/../../../../avr/lib/avr4/crtm88.o (exit)
c:/winavr-20100110/bin/../lib/gcc/avr/4.3.3/avr4\libgcc.a(_copy_data.o)
                              main.o (__do_copy_data)
c:/winavr-20100110/bin/../lib/gcc/avr/4.3.3/avr4\libgcc.a(_clear_bss.o)
                              main.o (__do_clear_bss)

Allocating common symbols
Common symbol       size              file

listTemp            0x6               main.o
dev1_access         0x1               main.o
dev3_access         0x1               main.o
dev2_access         0x1               main.o

Memory Configuration

Name             Origin             Length             Attributes
text             0x00000000         0x00002000         xr
data             0x00800060         0x0000ffa0         rw !x
eeprom           0x00810000         0x00010000         rw !x
fuse             0x00820000         0x00000400         rw !x
lock             0x00830000         0x00000400         rw !x
signature        0x00840000         0x00000400         rw !x
*default*        0x00000000         0xffffffff

Linker script and memory map

Address of section .data set to 0x800100
LOAD c:/winavr-20100110/bin/../lib/gcc/avr/4.3.3/../../../../avr/lib/avr4/crtm88.o
LOAD I2Cmaster.o
LOAD main.o
LOAD uart.o
LOAD DS1621.o
LOAD c:/winavr-20100110/bin/../lib/gcc/avr/4.3.3/avr4\libgcc.a
LOAD c:/winavr-20100110/bin/../lib/gcc/avr/4.3.3/../../../../avr/lib/avr4\libc.a
LOAD c:/winavr-20100110/bin/../lib/gcc/avr/4.3.3/avr4\libgcc.a

.hash
 *(.hash)

.dynsym
 *(.dynsym)

.dynstr
 *(.dynstr)

.gnu.version
 *(.gnu.version)

.gnu.version_d
 *(.gnu.version_d)

.gnu.version_r
 *(.gnu.version_r)

.rel.init
 *(.rel.init)

.rela.init
 *(.rela.init)

.rel.text
 *(.rel.text)
 *(.rel.text.*)
 *(.rel.gnu.linkonce.t*)

.rela.text
 *(.rela.text)
 *(.rela.text.*)
 *(.rela.gnu.linkonce.t*)

.rel.fini
 *(.rel.fini)

.rela.fini
 *(.rela.fini)

.rel.rodata
 *(.rel.rodata)
 *(.rel.rodata.*)
 *(.rel.gnu.linkonce.r*)

.rela.rodata
 *(.rela.rodata)
 *(.rela.rodata.*)
 *(.rela.gnu.linkonce.r*)

.rel.data
 *(.rel.data)
 *(.rel.data.*)
 *(.rel.gnu.linkonce.d*)

.rela.data
 *(.rela.data)
 *(.rela.data.*)
 *(.rela.gnu.linkonce.d*)

.rel.ctors
 *(.rel.ctors)

.rela.ctors
 *(.rela.ctors)

.rel.dtors
 *(.rel.dtors)

.rela.dtors
 *(.rela.dtors)

.rel.got
 *(.rel.got)

.rela.got
 *(.rela.got)

.rel.bss
 *(.rel.bss)

.rela.bss
 *(.rela.bss)

.rel.plt
 *(.rel.plt)

.rela.plt
 *(.rela.plt)

.text           0x00000000      0x366
 *(.vectors)
 .vectors       0x00000000       0x34 c:/winavr-20100110/bin/../lib/gcc/avr/4.3.3/../../../../avr/lib/avr4/crtm88.o
                0x00000000                __vectors
                0x00000000                __vector_default
 *(.vectors)
 *(.progmem.gcc*)
 *(.progmem*)
                0x00000034                . = ALIGN (0x2)
                0x00000034                __trampolines_start = .
 *(.trampolines)
 .trampolines   0x00000034        0x0 linker stubs
 *(.trampolines*)
                0x00000034                __trampolines_end = .
 *(.jumptables)
 *(.jumptables*)
 *(.lowtext)
 *(.lowtext*)
                0x00000034                __ctors_start = .
 *(.ctors)
                0x00000034                __ctors_end = .
                0x00000034                __dtors_start = .
 *(.dtors)
                0x00000034                __dtors_end = .
 SORT(*)(.ctors)
 SORT(*)(.dtors)
 *(.init0)
 .init0         0x00000034        0x0 c:/winavr-20100110/bin/../lib/gcc/avr/4.3.3/../../../../avr/lib/avr4/crtm88.o
                0x00000034                __init
 *(.init0)
 *(.init1)
 *(.init1)
 *(.init2)
 .init2         0x00000034        0xc c:/winavr-20100110/bin/../lib/gcc/avr/4.3.3/../../../../avr/lib/avr4/crtm88.o
 *(.init2)
 *(.init3)
 *(.init3)
 *(.init4)
 .init4         0x00000040       0x16 c:/winavr-20100110/bin/../lib/gcc/avr/4.3.3/avr4\libgcc.a(_copy_data.o)
                0x00000040                __do_copy_data
 .init4         0x00000056       0x10 c:/winavr-20100110/bin/../lib/gcc/avr/4.3.3/avr4\libgcc.a(_clear_bss.o)
                0x00000056                __do_clear_bss
 *(.init4)
 *(.init5)
 *(.init5)
 *(.init6)
 *(.init6)
 *(.init7)
 *(.init7)
 *(.init8)
 *(.init8)
 *(.init9)
 .init9         0x00000066        0x4 c:/winavr-20100110/bin/../lib/gcc/avr/4.3.3/../../../../avr/lib/avr4/crtm88.o
 *(.init9)
 *(.text)
 .text          0x0000006a        0x2 c:/winavr-20100110/bin/../lib/gcc/avr/4.3.3/../../../../avr/lib/avr4/crtm88.o
                0x0000006a                __vector_22
                0x0000006a                __vector_1
                0x0000006a                __vector_24
                0x0000006a                __vector_12
                0x0000006a                __bad_interrupt
                0x0000006a                __vector_6
                0x0000006a                __vector_3
                0x0000006a                __vector_23
                0x0000006a                __vector_25
                0x0000006a                __vector_11
                0x0000006a                __vector_13
                0x0000006a                __vector_17
                0x0000006a                __vector_19
                0x0000006a                __vector_7
                0x0000006a                __vector_5
                0x0000006a                __vector_4
                0x0000006a                __vector_9
                0x0000006a                __vector_2
                0x0000006a                __vector_21
                0x0000006a                __vector_15
                0x0000006a                __vector_8
                0x0000006a                __vector_14
                0x0000006a                __vector_10
                0x0000006a                __vector_16
                0x0000006a                __vector_20
 .text          0x0000006c      0x108 I2Cmaster.o
                0x00000128                i2c_write
                0x00000160                i2c_readNak
                0x0000014c                i2c_readAck
                0x00000114                i2c_rep_start
                0x00000078                i2c_start
                0x00000118                i2c_stop
                0x000000c4                i2c_start_wait
                0x0000006c                i2c_init
 .text          0x00000174       0xf8 main.o
                0x00000174                init
                0x00000220                main
                0x0000018a                __vector_18
 .text          0x0000026c       0x6a uart.o
                0x0000026c                USART_Init
                0x0000028a                USART_Transmit
                0x000002be                Enable_Interrupt_On_RX
                0x000002a8                USART_TX_String
                0x000002ca                Disable_Interrupt_On_RX
                0x0000029a                USART_Receive
 .text          0x000002d6       0x8c DS1621.o
                0x00000322                initDS1631
                0x000002d6                get_DS1631_Devices
 .text          0x00000362        0x0 c:/winavr-20100110/bin/../lib/gcc/avr/4.3.3/avr4\libgcc.a(_exit.o)
 .text          0x00000362        0x0 c:/winavr-20100110/bin/../lib/gcc/avr/4.3.3/avr4\libgcc.a(_copy_data.o)
 .text          0x00000362        0x0 c:/winavr-20100110/bin/../lib/gcc/avr/4.3.3/avr4\libgcc.a(_clear_bss.o)
                0x00000362                . = ALIGN (0x2)
 *(.text.*)
 .text.libgcc   0x00000362        0x0 c:/winavr-20100110/bin/../lib/gcc/avr/4.3.3/avr4\libgcc.a(_exit.o)
 .text.libgcc   0x00000362        0x0 c:/winavr-20100110/bin/../lib/gcc/avr/4.3.3/avr4\libgcc.a(_copy_data.o)
 .text.libgcc   0x00000362        0x0 c:/winavr-20100110/bin/../lib/gcc/avr/4.3.3/avr4\libgcc.a(_clear_bss.o)
                0x00000362                . = ALIGN (0x2)
 *(.fini9)
 .fini9         0x00000362        0x0 c:/winavr-20100110/bin/../lib/gcc/avr/4.3.3/avr4\libgcc.a(_exit.o)
                0x00000362                exit
                0x00000362                _exit
 *(.fini9)
 *(.fini8)
 *(.fini8)
 *(.fini7)
 *(.fini7)
 *(.fini6)
 *(.fini6)
 *(.fini5)
 *(.fini5)
 *(.fini4)
 *(.fini4)
 *(.fini3)
 *(.fini3)
 *(.fini2)
 *(.fini2)
 *(.fini1)
 *(.fini1)
 *(.fini0)
 .fini0         0x00000362        0x4 c:/winavr-20100110/bin/../lib/gcc/avr/4.3.3/avr4\libgcc.a(_exit.o)
 *(.fini0)
                0x00000366                _etext = .

.data           0x00800100       0x60 load address 0x00000366
                0x00800100                PROVIDE (__data_start, .)
 *(.data)
 .data          0x00800100        0x0 c:/winavr-20100110/bin/../lib/gcc/avr/4.3.3/../../../../avr/lib/avr4/crtm88.o
 .data          0x00800100        0x0 I2Cmaster.o
 .data          0x00800100       0x60 main.o
 .data          0x00800160        0x0 uart.o
 .data          0x00800160        0x0 DS1621.o
 .data          0x00800160        0x0 c:/winavr-20100110/bin/../lib/gcc/avr/4.3.3/avr4\libgcc.a(_exit.o)
 .data          0x00800160        0x0 c:/winavr-20100110/bin/../lib/gcc/avr/4.3.3/avr4\libgcc.a(_copy_data.o)
 .data          0x00800160        0x0 c:/winavr-20100110/bin/../lib/gcc/avr/4.3.3/avr4\libgcc.a(_clear_bss.o)
 *(.data*)
 *(.rodata)
 *(.rodata*)
 *(.gnu.linkonce.d*)
                0x00800160                . = ALIGN (0x2)
                0x00800160                _edata = .
                0x00800160                PROVIDE (__data_end, .)

.bss            0x00800160        0xa
                0x00800160                PROVIDE (__bss_start, .)
 *(.bss)
 .bss           0x00800160        0x0 c:/winavr-20100110/bin/../lib/gcc/avr/4.3.3/../../../../avr/lib/avr4/crtm88.o
 .bss           0x00800160        0x0 I2Cmaster.o
 .bss           0x00800160        0x1 main.o
                0x00800160                bufUSART_RX
 .bss           0x00800161        0x0 uart.o
 .bss           0x00800161        0x0 DS1621.o
 .bss           0x00800161        0x0 c:/winavr-20100110/bin/../lib/gcc/avr/4.3.3/avr4\libgcc.a(_exit.o)
 .bss           0x00800161        0x0 c:/winavr-20100110/bin/../lib/gcc/avr/4.3.3/avr4\libgcc.a(_copy_data.o)
 .bss           0x00800161        0x0 c:/winavr-20100110/bin/../lib/gcc/avr/4.3.3/avr4\libgcc.a(_clear_bss.o)
 *(.bss*)
 *(COMMON)
 COMMON         0x00800161        0x9 main.o
                0x00800161                listTemp
                0x00800167                dev1_access
                0x00800168                dev3_access
                0x00800169                dev2_access
                0x0080016a                PROVIDE (__bss_end, .)
                0x00000366                __data_load_start = LOADADDR (.data)
                0x000003c6                __data_load_end = (__data_load_start + SIZEOF (.data))

.noinit         0x0080016a        0x0
                0x0080016a                PROVIDE (__noinit_start, .)
 *(.noinit*)
                0x0080016a                PROVIDE (__noinit_end, .)
                0x0080016a                _end = .
                0x0080016a                PROVIDE (__heap_start, .)

.eeprom         0x00810000        0x0
 *(.eeprom*)
                0x00810000                __eeprom_end = .

.fuse
 *(.fuse)
 *(.lfuse)
 *(.hfuse)
 *(.efuse)

.lock
 *(.lock*)

.signature
 *(.signature*)

.stab
 *(.stab)

.stabstr
 *(.stabstr)

.stab.excl
 *(.stab.excl)

.stab.exclstr
 *(.stab.exclstr)

.stab.index
 *(.stab.index)

.stab.indexstr
 *(.stab.indexstr)

.comment
 *(.comment)

.debug
 *(.debug)

.line
 *(.line)

.debug_srcinfo
 *(.debug_srcinfo)

.debug_sfnames
 *(.debug_sfnames)

.debug_aranges  0x00000000       0x80
 *(.debug_aranges)
 .debug_aranges
                0x00000000       0x20 I2Cmaster.o
 .debug_aranges
                0x00000020       0x20 main.o
 .debug_aranges
                0x00000040       0x20 uart.o
 .debug_aranges
                0x00000060       0x20 DS1621.o

.debug_pubnames
                0x00000000      0x1d7
 *(.debug_pubnames)
 .debug_pubnames
                0x00000000       0x8d I2Cmaster.o
 .debug_pubnames
                0x0000008d       0x81 main.o
 .debug_pubnames
                0x0000010e       0x91 uart.o
 .debug_pubnames
                0x0000019f       0x38 DS1621.o

.debug_info     0x00000000      0x597
 *(.debug_info)
 .debug_info    0x00000000      0x196 I2Cmaster.o
 .debug_info    0x00000196      0x111 main.o
 .debug_info    0x000002a7      0x151 uart.o
 .debug_info    0x000003f8      0x19f DS1621.o
 *(.gnu.linkonce.wi.*)

.debug_abbrev   0x00000000      0x31f
 *(.debug_abbrev)
 .debug_abbrev  0x00000000       0xbe I2Cmaster.o
 .debug_abbrev  0x000000be       0x95 main.o
 .debug_abbrev  0x00000153       0xde uart.o
 .debug_abbrev  0x00000231       0xee DS1621.o

.debug_line     0x00000000      0x6ac
 *(.debug_line)
 .debug_line    0x00000000      0x233 I2Cmaster.o
 .debug_line    0x00000233      0x180 main.o
 .debug_line    0x000003b3      0x11d uart.o
 .debug_line    0x000004d0      0x1dc DS1621.o

.debug_frame    0x00000000      0x170
 *(.debug_frame)
 .debug_frame   0x00000000       0x90 I2Cmaster.o
 .debug_frame   0x00000090       0x40 main.o
 .debug_frame   0x000000d0       0x70 uart.o
 .debug_frame   0x00000140       0x30 DS1621.o

.debug_str      0x00000000      0x253
 *(.debug_str)
 .debug_str     0x00000000      0x109 I2Cmaster.o
                                0x13d (size before relaxing)
 .debug_str     0x00000109       0x54 main.o
                                0x117 (size before relaxing)
 .debug_str     0x0000015d       0x7f uart.o
                                0x149 (size before relaxing)
 .debug_str     0x000001dc       0x77 DS1621.o
                                0x13e (size before relaxing)

.debug_loc      0x00000000      0x1f0
 *(.debug_loc)
 .debug_loc     0x00000000       0xbf I2Cmaster.o
 .debug_loc     0x000000bf       0x5e uart.o
 .debug_loc     0x0000011d       0xd3 DS1621.o

.debug_macinfo
 *(.debug_macinfo)
OUTPUT(Sous-Marin.elf elf32-avr)
LOAD linker stubs
