Archive member included because of file (symbol)

c:/winavr-20100110/bin/../lib/gcc/avr/4.3.3/avr4\libgcc.a(_mulsi3.o)
                              gestion_H.o (__mulsi3)
c:/winavr-20100110/bin/../lib/gcc/avr/4.3.3/avr4\libgcc.a(_udivmodqi4.o)
                              gestion_H.o (__udivmodqi4)
c:/winavr-20100110/bin/../lib/gcc/avr/4.3.3/avr4\libgcc.a(_exit.o)
                              c:/winavr-20100110/bin/../lib/gcc/avr/4.3.3/../../../../avr/lib/avr4/crtm88.o (exit)
c:/winavr-20100110/bin/../lib/gcc/avr/4.3.3/avr4\libgcc.a(_copy_data.o)
                              main.o (__do_copy_data)
c:/winavr-20100110/bin/../lib/gcc/avr/4.3.3/avr4\libgcc.a(_clear_bss.o)
                              main.o (__do_clear_bss)

Allocating common symbols
Common symbol       size              file

listTemp            0x2               main.o
listDepth           0x1               main.o
listHum             0x3               main.o
buf_RX              0x14              main.o
dev_test_access     0x1               main.o
listVolt            0x2               main.o
listAngle           0x1               main.o

Memory Configuration

Name             Origin             Length             Attributes
text             0x00000000         0x00002000         xr
data             0x00800060         0x0000ffa0         rw !x
eeprom           0x00810000         0x00010000         rw !x
fuse             0x00820000         0x00000400         rw !x
lock             0x00830000         0x00000400         rw !x
signature        0x00840000         0x00000400         rw !x
*default*        0x00000000         0xffffffff

Linker script and memory map

Address of section .data set to 0x800100
LOAD c:/winavr-20100110/bin/../lib/gcc/avr/4.3.3/../../../../avr/lib/avr4/crtm88.o
LOAD I2Cmaster.o
LOAD main.o
LOAD uart.o
LOAD DS7505.o
LOAD SHT21.o
LOAD gestion_H.o
LOAD gestion_T.o
LOAD devices_all.o
LOAD UNIVERSAL_SENS.o
LOAD gestion_A.o
LOAD gestion_D.o
LOAD gestion_V.o
LOAD c:/winavr-20100110/bin/../lib/gcc/avr/4.3.3/avr4\libgcc.a
LOAD c:/winavr-20100110/bin/../lib/gcc/avr/4.3.3/../../../../avr/lib/avr4\libc.a
LOAD c:/winavr-20100110/bin/../lib/gcc/avr/4.3.3/avr4\libgcc.a

.hash
 *(.hash)

.dynsym
 *(.dynsym)

.dynstr
 *(.dynstr)

.gnu.version
 *(.gnu.version)

.gnu.version_d
 *(.gnu.version_d)

.gnu.version_r
 *(.gnu.version_r)

.rel.init
 *(.rel.init)

.rela.init
 *(.rela.init)

.rel.text
 *(.rel.text)
 *(.rel.text.*)
 *(.rel.gnu.linkonce.t*)

.rela.text
 *(.rela.text)
 *(.rela.text.*)
 *(.rela.gnu.linkonce.t*)

.rel.fini
 *(.rel.fini)

.rela.fini
 *(.rela.fini)

.rel.rodata
 *(.rel.rodata)
 *(.rel.rodata.*)
 *(.rel.gnu.linkonce.r*)

.rela.rodata
 *(.rela.rodata)
 *(.rela.rodata.*)
 *(.rela.gnu.linkonce.r*)

.rel.data
 *(.rel.data)
 *(.rel.data.*)
 *(.rel.gnu.linkonce.d*)

.rela.data
 *(.rela.data)
 *(.rela.data.*)
 *(.rela.gnu.linkonce.d*)

.rel.ctors
 *(.rel.ctors)

.rela.ctors
 *(.rela.ctors)

.rel.dtors
 *(.rel.dtors)

.rela.dtors
 *(.rela.dtors)

.rel.got
 *(.rel.got)

.rela.got
 *(.rela.got)

.rel.bss
 *(.rel.bss)

.rela.bss
 *(.rela.bss)

.rel.plt
 *(.rel.plt)

.rela.plt
 *(.rela.plt)

.text           0x00000000      0xc22
 *(.vectors)
 .vectors       0x00000000       0x34 c:/winavr-20100110/bin/../lib/gcc/avr/4.3.3/../../../../avr/lib/avr4/crtm88.o
                0x00000000                __vectors
                0x00000000                __vector_default
 *(.vectors)
 *(.progmem.gcc*)
 .progmem.gcc_sw_table
                0x00000034       0x90 main.o
 *(.progmem*)
                0x000000c4                . = ALIGN (0x2)
                0x000000c4                __trampolines_start = .
 *(.trampolines)
 .trampolines   0x000000c4        0x0 linker stubs
 *(.trampolines*)
                0x000000c4                __trampolines_end = .
 *(.jumptables)
 *(.jumptables*)
 *(.lowtext)
 *(.lowtext*)
                0x000000c4                __ctors_start = .
 *(.ctors)
                0x000000c4                __ctors_end = .
                0x000000c4                __dtors_start = .
 *(.dtors)
                0x000000c4                __dtors_end = .
 SORT(*)(.ctors)
 SORT(*)(.dtors)
 *(.init0)
 .init0         0x000000c4        0x0 c:/winavr-20100110/bin/../lib/gcc/avr/4.3.3/../../../../avr/lib/avr4/crtm88.o
                0x000000c4                __init
 *(.init0)
 *(.init1)
 *(.init1)
 *(.init2)
 .init2         0x000000c4        0xc c:/winavr-20100110/bin/../lib/gcc/avr/4.3.3/../../../../avr/lib/avr4/crtm88.o
 *(.init2)
 *(.init3)
 *(.init3)
 *(.init4)
 .init4         0x000000d0       0x16 c:/winavr-20100110/bin/../lib/gcc/avr/4.3.3/avr4\libgcc.a(_copy_data.o)
                0x000000d0                __do_copy_data
 .init4         0x000000e6       0x10 c:/winavr-20100110/bin/../lib/gcc/avr/4.3.3/avr4\libgcc.a(_clear_bss.o)
                0x000000e6                __do_clear_bss
 *(.init4)
 *(.init5)
 *(.init5)
 *(.init6)
 *(.init6)
 *(.init7)
 *(.init7)
 *(.init8)
 *(.init8)
 *(.init9)
 .init9         0x000000f6        0x4 c:/winavr-20100110/bin/../lib/gcc/avr/4.3.3/../../../../avr/lib/avr4/crtm88.o
 *(.init9)
 *(.text)
 .text          0x000000fa        0x2 c:/winavr-20100110/bin/../lib/gcc/avr/4.3.3/../../../../avr/lib/avr4/crtm88.o
                0x000000fa                __vector_22
                0x000000fa                __vector_1
                0x000000fa                __vector_24
                0x000000fa                __vector_12
                0x000000fa                __bad_interrupt
                0x000000fa                __vector_6
                0x000000fa                __vector_3
                0x000000fa                __vector_23
                0x000000fa                __vector_25
                0x000000fa                __vector_11
                0x000000fa                __vector_13
                0x000000fa                __vector_17
                0x000000fa                __vector_19
                0x000000fa                __vector_7
                0x000000fa                __vector_5
                0x000000fa                __vector_4
                0x000000fa                __vector_9
                0x000000fa                __vector_2
                0x000000fa                __vector_21
                0x000000fa                __vector_15
                0x000000fa                __vector_8
                0x000000fa                __vector_14
                0x000000fa                __vector_10
                0x000000fa                __vector_16
                0x000000fa                __vector_20
 .text          0x000000fc      0x108 I2Cmaster.o
                0x000001b8                i2c_write
                0x000001f0                i2c_readNak
                0x000001dc                i2c_readAck
                0x000001a4                i2c_rep_start
                0x00000108                i2c_start
                0x000001a8                i2c_stop
                0x00000154                i2c_start_wait
                0x000000fc                i2c_init
 .text          0x00000204      0x214 main.o
                0x0000025a                init
                0x00000272                main
                0x00000204                __vector_18
 .text          0x00000418       0x8c uart.o
                0x00000486                USART_TX_Msg
                0x00000418                USART_Init
                0x00000434                USART_Transmit
                0x00000468                USART_TX_CRNL
                0x0000048c                Enable_Interrupt_On_RX
                0x00000452                USART_TX_String
                0x00000498                Disable_Interrupt_On_RX
                0x00000444                USART_Receive
 .text          0x000004a4       0x66 DS7505.o
                0x000004ca                get_DS7505_Devices
                0x000004a4                initDS7505
 .text          0x0000050a       0x8e SHT21.o
                0x00000556                get_SHT21_Devices
                0x0000052a                initSHT21
                0x0000050a                SHT21_SoftReset
 .text          0x00000598       0x4e gestion_H.o
                0x000005d0                stringHum
                0x00000598                convertHum
 .text          0x000005e6       0xbe gestion_T.o
                0x0000062e                stringTemp
                0x000005e6                convertTemp
 .text          0x000006a4      0x4b6 devices_all.o
                0x00000b40                debug_cmd
                0x00000a2e                init_sensors
                0x000006a4                hexaToAscii
                0x000006e2                vol_cmd
                0x000009b8                unknown_cmd
                0x00000812                ang_cmd
                0x000009ea                testDevice
                0x000009ce                welcomeMsg
                0x00000868                hum_cmd
                0x0000075a                detectSensor_cmd
                0x000009f8                detectAllSensors_cmd
                0x000007b4                dep_cmd
                0x000008ee                temp_cmd
                0x00000786                showDetectedSensor
 .text          0x00000b5a        0x0 UNIVERSAL_SENS.o
 .text          0x00000b5a       0x16 gestion_A.o
                0x00000b5a                stringAng
 .text          0x00000b70       0x26 gestion_D.o
                0x00000b70                stringDep
 .text          0x00000b96       0x32 gestion_V.o
                0x00000b96                stringVolt
 .text          0x00000bc8        0x0 c:/winavr-20100110/bin/../lib/gcc/avr/4.3.3/avr4\libgcc.a(_mulsi3.o)
 .text          0x00000bc8        0x0 c:/winavr-20100110/bin/../lib/gcc/avr/4.3.3/avr4\libgcc.a(_udivmodqi4.o)
 .text          0x00000bc8        0x0 c:/winavr-20100110/bin/../lib/gcc/avr/4.3.3/avr4\libgcc.a(_exit.o)
 .text          0x00000bc8        0x0 c:/winavr-20100110/bin/../lib/gcc/avr/4.3.3/avr4\libgcc.a(_copy_data.o)
 .text          0x00000bc8        0x0 c:/winavr-20100110/bin/../lib/gcc/avr/4.3.3/avr4\libgcc.a(_clear_bss.o)
                0x00000bc8                . = ALIGN (0x2)
 *(.text.*)
 .text.libgcc   0x00000bc8       0x3e c:/winavr-20100110/bin/../lib/gcc/avr/4.3.3/avr4\libgcc.a(_mulsi3.o)
                0x00000bc8                __mulsi3
 .text.libgcc   0x00000c06       0x18 c:/winavr-20100110/bin/../lib/gcc/avr/4.3.3/avr4\libgcc.a(_udivmodqi4.o)
                0x00000c06                __udivmodqi4
 .text.libgcc   0x00000c1e        0x0 c:/winavr-20100110/bin/../lib/gcc/avr/4.3.3/avr4\libgcc.a(_exit.o)
 .text.libgcc   0x00000c1e        0x0 c:/winavr-20100110/bin/../lib/gcc/avr/4.3.3/avr4\libgcc.a(_copy_data.o)
 .text.libgcc   0x00000c1e        0x0 c:/winavr-20100110/bin/../lib/gcc/avr/4.3.3/avr4\libgcc.a(_clear_bss.o)
                0x00000c1e                . = ALIGN (0x2)
 *(.fini9)
 .fini9         0x00000c1e        0x0 c:/winavr-20100110/bin/../lib/gcc/avr/4.3.3/avr4\libgcc.a(_exit.o)
                0x00000c1e                exit
                0x00000c1e                _exit
 *(.fini9)
 *(.fini8)
 *(.fini8)
 *(.fini7)
 *(.fini7)
 *(.fini6)
 *(.fini6)
 *(.fini5)
 *(.fini5)
 *(.fini4)
 *(.fini4)
 *(.fini3)
 *(.fini3)
 *(.fini2)
 *(.fini2)
 *(.fini1)
 *(.fini1)
 *(.fini0)
 .fini0         0x00000c1e        0x4 c:/winavr-20100110/bin/../lib/gcc/avr/4.3.3/avr4\libgcc.a(_exit.o)
 *(.fini0)
                0x00000c22                _etext = .

.data           0x00800100      0x326 load address 0x00000c22
                0x00800100                PROVIDE (__data_start, .)
 *(.data)
 .data          0x00800100        0x0 c:/winavr-20100110/bin/../lib/gcc/avr/4.3.3/../../../../avr/lib/avr4/crtm88.o
 .data          0x00800100        0x0 I2Cmaster.o
 .data          0x00800100        0x0 main.o
 .data          0x00800100        0x0 uart.o
 .data          0x00800100        0x0 DS7505.o
 .data          0x00800100        0x0 SHT21.o
 .data          0x00800100        0x0 gestion_H.o
 .data          0x00800100        0x0 gestion_T.o
 .data          0x00800100      0x326 devices_all.o
 .data          0x00800426        0x0 UNIVERSAL_SENS.o
 .data          0x00800426        0x0 gestion_A.o
 .data          0x00800426        0x0 gestion_D.o
 .data          0x00800426        0x0 gestion_V.o
 .data          0x00800426        0x0 c:/winavr-20100110/bin/../lib/gcc/avr/4.3.3/avr4\libgcc.a(_mulsi3.o)
 .data          0x00800426        0x0 c:/winavr-20100110/bin/../lib/gcc/avr/4.3.3/avr4\libgcc.a(_udivmodqi4.o)
 .data          0x00800426        0x0 c:/winavr-20100110/bin/../lib/gcc/avr/4.3.3/avr4\libgcc.a(_exit.o)
 .data          0x00800426        0x0 c:/winavr-20100110/bin/../lib/gcc/avr/4.3.3/avr4\libgcc.a(_copy_data.o)
 .data          0x00800426        0x0 c:/winavr-20100110/bin/../lib/gcc/avr/4.3.3/avr4\libgcc.a(_clear_bss.o)
 *(.data*)
 *(.rodata)
 *(.rodata*)
 *(.gnu.linkonce.d*)
                0x00800426                . = ALIGN (0x2)
                0x00800426                _edata = .
                0x00800426                PROVIDE (__data_end, .)

.bss            0x00800426       0x23
                0x00800426                PROVIDE (__bss_start, .)
 *(.bss)
 .bss           0x00800426        0x0 c:/winavr-20100110/bin/../lib/gcc/avr/4.3.3/../../../../avr/lib/avr4/crtm88.o
 .bss           0x00800426        0x0 I2Cmaster.o
 .bss           0x00800426        0x4 main.o
                0x00800428                j
                0x00800429                nbRead
                0x00800427                i
                0x00800426                RX_flag
 .bss           0x0080042a        0x0 uart.o
 .bss           0x0080042a        0x0 DS7505.o
 .bss           0x0080042a        0x0 SHT21.o
 .bss           0x0080042a        0x0 gestion_H.o
 .bss           0x0080042a        0x0 gestion_T.o
 .bss           0x0080042a        0x1 devices_all.o
                0x0080042a                debug_mode
 .bss           0x0080042b        0x0 UNIVERSAL_SENS.o
 .bss           0x0080042b        0x0 gestion_A.o
 .bss           0x0080042b        0x0 gestion_D.o
 .bss           0x0080042b        0x0 gestion_V.o
 .bss           0x0080042b        0x0 c:/winavr-20100110/bin/../lib/gcc/avr/4.3.3/avr4\libgcc.a(_mulsi3.o)
 .bss           0x0080042b        0x0 c:/winavr-20100110/bin/../lib/gcc/avr/4.3.3/avr4\libgcc.a(_udivmodqi4.o)
 .bss           0x0080042b        0x0 c:/winavr-20100110/bin/../lib/gcc/avr/4.3.3/avr4\libgcc.a(_exit.o)
 .bss           0x0080042b        0x0 c:/winavr-20100110/bin/../lib/gcc/avr/4.3.3/avr4\libgcc.a(_copy_data.o)
 .bss           0x0080042b        0x0 c:/winavr-20100110/bin/../lib/gcc/avr/4.3.3/avr4\libgcc.a(_clear_bss.o)
 *(.bss*)
 *(COMMON)
 COMMON         0x0080042b       0x1e main.o
                0x0080042b                listTemp
                0x0080042d                listDepth
                0x0080042e                listHum
                0x00800431                buf_RX
                0x00800445                dev_test_access
                0x00800446                listVolt
                0x00800448                listAngle
                0x00800449                PROVIDE (__bss_end, .)
                0x00000c22                __data_load_start = LOADADDR (.data)
                0x00000f48                __data_load_end = (__data_load_start + SIZEOF (.data))

.noinit         0x00800449        0x0
                0x00800449                PROVIDE (__noinit_start, .)
 *(.noinit*)
                0x00800449                PROVIDE (__noinit_end, .)
                0x00800449                _end = .
                0x00800449                PROVIDE (__heap_start, .)

.eeprom         0x00810000        0x0
 *(.eeprom*)
                0x00810000                __eeprom_end = .

.fuse
 *(.fuse)
 *(.lfuse)
 *(.hfuse)
 *(.efuse)

.lock
 *(.lock*)

.signature
 *(.signature*)

.stab
 *(.stab)

.stabstr
 *(.stabstr)

.stab.excl
 *(.stab.excl)

.stab.exclstr
 *(.stab.exclstr)

.stab.index
 *(.stab.index)

.stab.indexstr
 *(.stab.indexstr)

.comment
 *(.comment)

.debug
 *(.debug)

.line
 *(.line)

.debug_srcinfo
 *(.debug_srcinfo)

.debug_sfnames
 *(.debug_sfnames)

.debug_aranges  0x00000000      0x160
 *(.debug_aranges)
 .debug_aranges
                0x00000000       0x20 I2Cmaster.o
 .debug_aranges
                0x00000020       0x20 main.o
 .debug_aranges
                0x00000040       0x20 uart.o
 .debug_aranges
                0x00000060       0x20 DS7505.o
 .debug_aranges
                0x00000080       0x20 SHT21.o
 .debug_aranges
                0x000000a0       0x20 gestion_H.o
 .debug_aranges
                0x000000c0       0x20 gestion_T.o
 .debug_aranges
                0x000000e0       0x20 devices_all.o
 .debug_aranges
                0x00000100       0x20 gestion_A.o
 .debug_aranges
                0x00000120       0x20 gestion_D.o
 .debug_aranges
                0x00000140       0x20 gestion_V.o

.debug_pubnames
                0x00000000      0x43c
 *(.debug_pubnames)
 .debug_pubnames
                0x00000000       0x8d I2Cmaster.o
 .debug_pubnames
                0x0000008d       0xb8 main.o
 .debug_pubnames
                0x00000145       0xb4 uart.o
 .debug_pubnames
                0x000001f9       0x38 DS7505.o
 .debug_pubnames
                0x00000231       0x4a SHT21.o
 .debug_pubnames
                0x0000027b       0x2f gestion_H.o
 .debug_pubnames
                0x000002aa       0x31 gestion_T.o
 .debug_pubnames
                0x000002db      0x100 devices_all.o
 .debug_pubnames
                0x000003db       0x20 gestion_A.o
 .debug_pubnames
                0x000003fb       0x20 gestion_D.o
 .debug_pubnames
                0x0000041b       0x21 gestion_V.o

.debug_info     0x00000000     0x1054
 *(.debug_info)
 .debug_info    0x00000000      0x196 I2Cmaster.o
 .debug_info    0x00000196      0x288 main.o
 .debug_info    0x0000041e      0x1bf uart.o
 .debug_info    0x000005dd      0x17f DS7505.o
 .debug_info    0x0000075c      0x1ed SHT21.o
 .debug_info    0x00000949       0xbc gestion_H.o
 .debug_info    0x00000a05       0xcb gestion_T.o
 .debug_info    0x00000ad0      0x43b devices_all.o
 .debug_info    0x00000f0b        0x0 UNIVERSAL_SENS.o
 .debug_info    0x00000f0b       0x6a gestion_A.o
 .debug_info    0x00000f75       0x75 gestion_D.o
 .debug_info    0x00000fea       0x6a gestion_V.o
 *(.gnu.linkonce.wi.*)

.debug_abbrev   0x00000000      0x83a
 *(.debug_abbrev)
 .debug_abbrev  0x00000000       0xbe I2Cmaster.o
 .debug_abbrev  0x000000be      0x147 main.o
 .debug_abbrev  0x00000205      0x104 uart.o
 .debug_abbrev  0x00000309       0xc8 DS7505.o
 .debug_abbrev  0x000003d1       0xc8 SHT21.o
 .debug_abbrev  0x00000499       0x83 gestion_H.o
 .debug_abbrev  0x0000051c       0x8e gestion_T.o
 .debug_abbrev  0x000005aa      0x198 devices_all.o
 .debug_abbrev  0x00000742        0x1 UNIVERSAL_SENS.o
 .debug_abbrev  0x00000743       0x4e gestion_A.o
 .debug_abbrev  0x00000791       0x5b gestion_D.o
 .debug_abbrev  0x000007ec       0x4e gestion_V.o

.debug_line     0x00000000     0x1428
 *(.debug_line)
 .debug_line    0x00000000      0x233 I2Cmaster.o
 .debug_line    0x00000233      0x328 main.o
 .debug_line    0x0000055b      0x167 uart.o
 .debug_line    0x000006c2      0x194 DS7505.o
 .debug_line    0x00000856      0x1d9 SHT21.o
 .debug_line    0x00000a2f       0xb8 gestion_H.o
 .debug_line    0x00000ae7      0x120 gestion_T.o
 .debug_line    0x00000c07      0x68d devices_all.o
 .debug_line    0x00001294       0x24 UNIVERSAL_SENS.o
 .debug_line    0x000012b8       0x70 gestion_A.o
 .debug_line    0x00001328       0x80 gestion_D.o
 .debug_line    0x000013a8       0x80 gestion_V.o

.debug_frame    0x00000000      0x380
 *(.debug_frame)
 .debug_frame   0x00000000       0x90 I2Cmaster.o
 .debug_frame   0x00000090       0x40 main.o
 .debug_frame   0x000000d0       0x90 uart.o
 .debug_frame   0x00000160       0x30 DS7505.o
 .debug_frame   0x00000190       0x40 SHT21.o
 .debug_frame   0x000001d0       0x30 gestion_H.o
 .debug_frame   0x00000200       0x30 gestion_T.o
 .debug_frame   0x00000230       0xf0 devices_all.o
 .debug_frame   0x00000320       0x20 gestion_A.o
 .debug_frame   0x00000340       0x20 gestion_D.o
 .debug_frame   0x00000360       0x20 gestion_V.o

.debug_str      0x00000000      0x504
 *(.debug_str)
 .debug_str     0x00000000      0x10d I2Cmaster.o
                                0x141 (size before relaxing)
 .debug_str     0x0000010d       0xb2 main.o
                                0x179 (size before relaxing)
 .debug_str     0x000001bf       0x9a uart.o
                                0x168 (size before relaxing)
 .debug_str     0x00000259       0x34 DS7505.o
                                0x142 (size before relaxing)
 .debug_str     0x0000028d       0x37 SHT21.o
                                0x14e (size before relaxing)
 .debug_str     0x000002c4       0x50 gestion_H.o
                                 0xcb (size before relaxing)
 .debug_str     0x00000314       0x64 gestion_T.o
                                 0xcc (size before relaxing)
 .debug_str     0x00000378      0x123 devices_all.o
                                0x259 (size before relaxing)
 .debug_str     0x0000049b       0x23 gestion_A.o
                                 0x85 (size before relaxing)
 .debug_str     0x000004be       0x2c gestion_D.o
                                 0x8e (size before relaxing)
 .debug_str     0x000004ea       0x1a gestion_V.o
                                 0x88 (size before relaxing)

.debug_loc      0x00000000      0x901
 *(.debug_loc)
 .debug_loc     0x00000000       0xbf I2Cmaster.o
 .debug_loc     0x000000bf       0x80 main.o
 .debug_loc     0x0000013f       0x76 uart.o
 .debug_loc     0x000001b5       0xc3 DS7505.o
 .debug_loc     0x00000278      0x138 SHT21.o
 .debug_loc     0x000003b0       0x92 gestion_H.o
 .debug_loc     0x00000442       0xc8 gestion_T.o
 .debug_loc     0x0000050a      0x31b devices_all.o
 .debug_loc     0x00000825       0x46 gestion_A.o
 .debug_loc     0x0000086b       0x46 gestion_D.o
 .debug_loc     0x000008b1       0x50 gestion_V.o

.debug_macinfo
 *(.debug_macinfo)
OUTPUT(Sous-Marin.elf elf32-avr)
LOAD linker stubs

.debug_ranges   0x00000000       0x48
 .debug_ranges  0x00000000       0x48 main.o
