Archive member included because of file (symbol)

d:/winavr-20090313/bin/../lib/gcc/avr/4.3.2/avr4\libgcc.a(_mulsi3.o)
                              gestion_H.o (__mulsi3)
d:/winavr-20090313/bin/../lib/gcc/avr/4.3.2/avr4\libgcc.a(_udivmodqi4.o)
                              gestion_T.o (__udivmodqi4)
d:/winavr-20090313/bin/../lib/gcc/avr/4.3.2/avr4\libgcc.a(_exit.o)
                              d:/winavr-20090313/bin/../lib/gcc/avr/4.3.2/../../../../avr/lib/avr4/crtm88.o (exit)
d:/winavr-20090313/bin/../lib/gcc/avr/4.3.2/avr4\libgcc.a(_copy_data.o)
                              3964r.o (__do_copy_data)
d:/winavr-20090313/bin/../lib/gcc/avr/4.3.2/avr4\libgcc.a(_clear_bss.o)
                              3964r.o (__do_clear_bss)
d:/winavr-20090313/bin/../lib/gcc/avr/4.3.2/avr4\libgcc.a(_addsub_sf.o)
                              gestion_P.o (__subsf3)
d:/winavr-20090313/bin/../lib/gcc/avr/4.3.2/avr4\libgcc.a(_mul_sf.o)
                              gestion_P.o (__mulsf3)
d:/winavr-20090313/bin/../lib/gcc/avr/4.3.2/avr4\libgcc.a(_si_to_sf.o)
                              gestion_P.o (__floatsisf)
d:/winavr-20090313/bin/../lib/gcc/avr/4.3.2/avr4\libgcc.a(_sf_to_si.o)
                              gestion_P.o (__fixsfsi)
d:/winavr-20090313/bin/../lib/gcc/avr/4.3.2/avr4\libgcc.a(_thenan_sf.o)
                              d:/winavr-20090313/bin/../lib/gcc/avr/4.3.2/avr4\libgcc.a(_addsub_sf.o) (__thenan_sf)
d:/winavr-20090313/bin/../lib/gcc/avr/4.3.2/avr4\libgcc.a(_prologue.o)
                              d:/winavr-20090313/bin/../lib/gcc/avr/4.3.2/avr4\libgcc.a(_addsub_sf.o) (__prologue_saves__)
d:/winavr-20090313/bin/../lib/gcc/avr/4.3.2/avr4\libgcc.a(_epilogue.o)
                              d:/winavr-20090313/bin/../lib/gcc/avr/4.3.2/avr4\libgcc.a(_addsub_sf.o) (__epilogue_restores__)
d:/winavr-20090313/bin/../lib/gcc/avr/4.3.2/avr4\libgcc.a(_clzsi2.o)
                              d:/winavr-20090313/bin/../lib/gcc/avr/4.3.2/avr4\libgcc.a(_si_to_sf.o) (__clzsi2)
d:/winavr-20090313/bin/../lib/gcc/avr/4.3.2/avr4\libgcc.a(_pack_sf.o)
                              d:/winavr-20090313/bin/../lib/gcc/avr/4.3.2/avr4\libgcc.a(_addsub_sf.o) (__pack_f)
d:/winavr-20090313/bin/../lib/gcc/avr/4.3.2/avr4\libgcc.a(_unpack_sf.o)
                              d:/winavr-20090313/bin/../lib/gcc/avr/4.3.2/avr4\libgcc.a(_addsub_sf.o) (__unpack_f)
d:/winavr-20090313/bin/../lib/gcc/avr/4.3.2/avr4\libgcc.a(_clz.o)
                              d:/winavr-20090313/bin/../lib/gcc/avr/4.3.2/avr4\libgcc.a(_clzsi2.o) (__clz_tab)
d:/winavr-20090313/bin/../lib/gcc/avr/4.3.2/../../../../avr/lib/avr4\libc.a(memset.o)
                              3964r.o (memset)

Allocating common symbols
Common symbol       size              file

listTemp            0x3               main.o
TEMP1H              0x1               main.o
ADC1L               0x1               main.o
IMP1H               0x1               main.o
Result              0x1               main.o
data_to_transmit    0x2               main.o
HUM1L               0x1               main.o
TEMP6H              0x1               main.o
flag_usart          0x1               3964r.o
tab_error_3964r     0x5               3964r.o
HUM2L               0x1               main.o
TRANSMIT_STATUT     0x1               main.o
TEMP7H              0x1               main.o
TEMP7L              0x1               main.o
TEMP2H              0x1               main.o
TEMP8H              0x1               main.o
tempHum             0x1               main.o
TEMP5H              0x1               main.o
IMP2L               0x1               main.o
ADC2L               0x1               main.o
ADCL_Temp           0x1               main.o
TEMP8L              0x1               main.o
ACCL                0x1               main.o
ADC3H               0x1               main.o
fonctionnement_RX   0x1               main.o
ACCH                0x1               main.o
ADC3L               0x1               main.o
decalage            0x1               main.o
ADC4H               0x1               main.o
TEMP6L              0x1               main.o
ADC2H               0x1               main.o
data                0x19              main.o
TEMP5L              0x1               main.o
ADC1H               0x1               main.o
numero_capteur      0x1               main.o
IMP2H               0x1               main.o
IMP1L               0x1               main.o
ADCH_Temp           0x1               main.o
TEMP4L              0x1               main.o
ProfInit            0x2               main.o
HUM1H               0x1               main.o
TEMP4H              0x1               main.o
ADC4L               0x1               main.o
TEMP3H              0x1               main.o
TEMP1L              0x1               main.o
TEMP2L              0x1               main.o
flag_timer1         0x1               3964r.o
TEMP3L              0x1               main.o
HUM2H               0x1               main.o

Memory Configuration

Name             Origin             Length             Attributes
text             0x00000000         0x00002000         xr
data             0x00800060         0x0000ffa0         rw !x
eeprom           0x00810000         0x00010000         rw !x
fuse             0x00820000         0x00000400         rw !x
lock             0x00830000         0x00000400         rw !x
signature        0x00840000         0x00000400         rw !x
*default*        0x00000000         0xffffffff

Linker script and memory map

Address of section .data set to 0x800100
LOAD d:/winavr-20090313/bin/../lib/gcc/avr/4.3.2/../../../../avr/lib/avr4/crtm88.o
LOAD 3964r.o
LOAD I2Cmaster.o
LOAD main.o
LOAD timer1.o
LOAD usart.o
LOAD watchdog.o
LOAD DS7505.o
LOAD gestion_T.o
LOAD ADC.o
LOAD gestion_H.o
LOAD SHT21.o
LOAD gestion_P.o
LOAD gestion_A.o
LOAD d:/winavr-20090313/bin/../lib/gcc/avr/4.3.2/avr4\libgcc.a
LOAD d:/winavr-20090313/bin/../lib/gcc/avr/4.3.2/../../../../avr/lib/avr4\libc.a
LOAD d:/winavr-20090313/bin/../lib/gcc/avr/4.3.2/avr4\libgcc.a

.hash
 *(.hash)

.dynsym
 *(.dynsym)

.dynstr
 *(.dynstr)

.gnu.version
 *(.gnu.version)

.gnu.version_d
 *(.gnu.version_d)

.gnu.version_r
 *(.gnu.version_r)

.rel.init
 *(.rel.init)

.rela.init
 *(.rela.init)

.rel.text
 *(.rel.text)
 *(.rel.text.*)
 *(.rel.gnu.linkonce.t*)

.rela.text
 *(.rela.text)
 *(.rela.text.*)
 *(.rela.gnu.linkonce.t*)

.rel.fini
 *(.rel.fini)

.rela.fini
 *(.rela.fini)

.rel.rodata
 *(.rel.rodata)
 *(.rel.rodata.*)
 *(.rel.gnu.linkonce.r*)

.rela.rodata
 *(.rela.rodata)
 *(.rela.rodata.*)
 *(.rela.gnu.linkonce.r*)

.rel.data
 *(.rel.data)
 *(.rel.data.*)
 *(.rel.gnu.linkonce.d*)

.rela.data
 *(.rela.data)
 *(.rela.data.*)
 *(.rela.gnu.linkonce.d*)

.rel.ctors
 *(.rel.ctors)

.rela.ctors
 *(.rela.ctors)

.rel.dtors
 *(.rel.dtors)

.rela.dtors
 *(.rela.dtors)

.rel.got
 *(.rel.got)

.rela.got
 *(.rela.got)

.rel.bss
 *(.rel.bss)

.rela.bss
 *(.rela.bss)

.rel.plt
 *(.rel.plt)

.rela.plt
 *(.rela.plt)

.text           0x00000000     0x1a1c
 *(.vectors)
 .vectors       0x00000000       0x34 d:/winavr-20090313/bin/../lib/gcc/avr/4.3.2/../../../../avr/lib/avr4/crtm88.o
                0x00000000                __vectors
                0x00000000                __vector_default
 *(.vectors)
 *(.progmem.gcc*)
 *(.progmem*)
                0x00000034                . = ALIGN (0x2)
                0x00000034                __trampolines_start = .
 *(.trampolines)
 .trampolines   0x00000034        0x0 linker stubs
 *(.trampolines*)
                0x00000034                __trampolines_end = .
 *(.jumptables)
 *(.jumptables*)
 *(.lowtext)
 *(.lowtext*)
                0x00000034                __ctors_start = .
 *(.ctors)
                0x00000034                __ctors_end = .
                0x00000034                __dtors_start = .
 *(.dtors)
                0x00000034                __dtors_end = .
 SORT(*)(.ctors)
 SORT(*)(.dtors)
 *(.init0)
 .init0         0x00000034        0x0 d:/winavr-20090313/bin/../lib/gcc/avr/4.3.2/../../../../avr/lib/avr4/crtm88.o
                0x00000034                __init
 *(.init0)
 *(.init1)
 *(.init1)
 *(.init2)
 .init2         0x00000034        0xc d:/winavr-20090313/bin/../lib/gcc/avr/4.3.2/../../../../avr/lib/avr4/crtm88.o
 *(.init2)
 *(.init3)
 *(.init3)
 *(.init4)
 .init4         0x00000040       0x16 d:/winavr-20090313/bin/../lib/gcc/avr/4.3.2/avr4\libgcc.a(_copy_data.o)
                0x00000040                __do_copy_data
 .init4         0x00000056       0x10 d:/winavr-20090313/bin/../lib/gcc/avr/4.3.2/avr4\libgcc.a(_clear_bss.o)
                0x00000056                __do_clear_bss
 *(.init4)
 *(.init5)
 *(.init5)
 *(.init6)
 *(.init6)
 *(.init7)
 *(.init7)
 *(.init8)
 *(.init8)
 *(.init9)
 .init9         0x00000066        0x4 d:/winavr-20090313/bin/../lib/gcc/avr/4.3.2/../../../../avr/lib/avr4/crtm88.o
 *(.init9)
 *(.text)
 .text          0x0000006a        0x2 d:/winavr-20090313/bin/../lib/gcc/avr/4.3.2/../../../../avr/lib/avr4/crtm88.o
                0x0000006a                __vector_22
                0x0000006a                __vector_1
                0x0000006a                __vector_24
                0x0000006a                __vector_12
                0x0000006a                __bad_interrupt
                0x0000006a                __vector_3
                0x0000006a                __vector_23
                0x0000006a                __vector_25
                0x0000006a                __vector_13
                0x0000006a                __vector_17
                0x0000006a                __vector_19
                0x0000006a                __vector_7
                0x0000006a                __vector_5
                0x0000006a                __vector_4
                0x0000006a                __vector_9
                0x0000006a                __vector_2
                0x0000006a                __vector_21
                0x0000006a                __vector_15
                0x0000006a                __vector_8
                0x0000006a                __vector_14
                0x0000006a                __vector_10
                0x0000006a                __vector_16
                0x0000006a                __vector_20
 .text          0x0000006c      0x330 3964r.o
                0x000001ee                send_data_3964r
                0x0000006c                process_bcc_3964r
                0x00000384                init_3964r
                0x000000aa                get_data_3964r
                0x0000008c                sum_error_3964r
 .text          0x0000039c      0x108 I2Cmaster.o
                0x00000458                i2c_write
                0x00000490                i2c_readNak
                0x0000047c                i2c_readAck
                0x00000444                i2c_rep_start
                0x000003a8                i2c_start
                0x00000448                i2c_stop
                0x000003f4                i2c_start_wait
                0x0000039c                i2c_init
 .text          0x000004a4      0x582 main.o
                0x0000050a                transmission
                0x00000566                init
                0x000005c2                main
                0x000004a4                __vector_18
 .text          0x00000a26       0x64 timer1.o
                0x00000a42                start_timer1
                0x00000a5a                stop_timer1
                0x00000a72                __vector_11
                0x00000a26                init_timer1
 .text          0x00000a8a       0xbc usart.o
                0x00000ac0                getchar_usart
                0x00000ab0                putchar_usart
                0x00000b12                puts_usart
                0x00000a8a                init_usart
                0x00000ae2                gets_usart
 .text          0x00000b46       0x70 watchdog.o
                0x00000b5a                __vector_6
                0x00000b46                init_watchdog
 .text          0x00000bb6       0x66 DS7505.o
                0x00000bdc                get_DS7505_Devices
                0x00000bb6                initDS7505
 .text          0x00000c1c       0xbe gestion_T.o
                0x00000c64                stringTemp
                0x00000c1c                convertTemp
 .text          0x00000cda       0xa4 ADC.o
                0x00000cda                InitADC
                0x00000d02                ReadADC
                0x00000cf0                ClearFlagADC
                0x00000d1a                StartADC
 .text          0x00000d7e       0x4e gestion_H.o
                0x00000db6                stringHum
                0x00000d7e                convertHum
 .text          0x00000dcc       0x8e SHT21.o
                0x00000e18                get_SHT21_Devices
                0x00000dec                initSHT21
                0x00000dcc                SHT21_SoftReset
 .text          0x00000e5a       0xb8 gestion_P.o
                0x00000e5a                convertPressure
 .text          0x00000f12       0x84 gestion_A.o
                0x00000f12                convertAcc
 .text          0x00000f96        0x0 d:/winavr-20090313/bin/../lib/gcc/avr/4.3.2/avr4\libgcc.a(_mulsi3.o)
 .text          0x00000f96        0x0 d:/winavr-20090313/bin/../lib/gcc/avr/4.3.2/avr4\libgcc.a(_udivmodqi4.o)
 .text          0x00000f96        0x0 d:/winavr-20090313/bin/../lib/gcc/avr/4.3.2/avr4\libgcc.a(_exit.o)
 .text          0x00000f96        0x0 d:/winavr-20090313/bin/../lib/gcc/avr/4.3.2/avr4\libgcc.a(_copy_data.o)
 .text          0x00000f96        0x0 d:/winavr-20090313/bin/../lib/gcc/avr/4.3.2/avr4\libgcc.a(_clear_bss.o)
 .text          0x00000f96      0x338 d:/winavr-20090313/bin/../lib/gcc/avr/4.3.2/avr4\libgcc.a(_addsub_sf.o)
                0x0000122a                __subsf3
                0x00001280                __addsf3
 .text          0x000012ce      0x1ea d:/winavr-20090313/bin/../lib/gcc/avr/4.3.2/avr4\libgcc.a(_mul_sf.o)
                0x000012ce                __mulsf3
 .text          0x000014b8       0xb4 d:/winavr-20090313/bin/../lib/gcc/avr/4.3.2/avr4\libgcc.a(_si_to_sf.o)
                0x000014b8                __floatsisf
 .text          0x0000156c       0xa2 d:/winavr-20090313/bin/../lib/gcc/avr/4.3.2/avr4\libgcc.a(_sf_to_si.o)
                0x0000156c                __fixsfsi
 .text          0x0000160e        0x0 d:/winavr-20090313/bin/../lib/gcc/avr/4.3.2/avr4\libgcc.a(_thenan_sf.o)
 .text          0x0000160e        0x0 d:/winavr-20090313/bin/../lib/gcc/avr/4.3.2/avr4\libgcc.a(_prologue.o)
 .text          0x0000160e        0x0 d:/winavr-20090313/bin/../lib/gcc/avr/4.3.2/avr4\libgcc.a(_epilogue.o)
 .text          0x0000160e       0x9e d:/winavr-20090313/bin/../lib/gcc/avr/4.3.2/avr4\libgcc.a(_clzsi2.o)
                0x0000160e                __clzsi2
 .text          0x000016ac      0x1aa d:/winavr-20090313/bin/../lib/gcc/avr/4.3.2/avr4\libgcc.a(_pack_sf.o)
                0x000016ac                __pack_f
 .text          0x00001856       0xf0 d:/winavr-20090313/bin/../lib/gcc/avr/4.3.2/avr4\libgcc.a(_unpack_sf.o)
                0x00001856                __unpack_f
 .text          0x00001946        0x0 d:/winavr-20090313/bin/../lib/gcc/avr/4.3.2/avr4\libgcc.a(_clz.o)
 .text          0x00001946        0xe d:/winavr-20090313/bin/../lib/gcc/avr/4.3.2/../../../../avr/lib/avr4\libc.a(memset.o)
                0x00001946                memset
                0x00001954                . = ALIGN (0x2)
 *(.text.*)
 .text.libgcc   0x00001954       0x3e d:/winavr-20090313/bin/../lib/gcc/avr/4.3.2/avr4\libgcc.a(_mulsi3.o)
                0x00001954                __mulsi3
 .text.libgcc   0x00001992       0x18 d:/winavr-20090313/bin/../lib/gcc/avr/4.3.2/avr4\libgcc.a(_udivmodqi4.o)
                0x00001992                __udivmodqi4
 .text.libgcc   0x000019aa        0x0 d:/winavr-20090313/bin/../lib/gcc/avr/4.3.2/avr4\libgcc.a(_exit.o)
 .text.libgcc   0x000019aa        0x0 d:/winavr-20090313/bin/../lib/gcc/avr/4.3.2/avr4\libgcc.a(_copy_data.o)
 .text.libgcc   0x000019aa        0x0 d:/winavr-20090313/bin/../lib/gcc/avr/4.3.2/avr4\libgcc.a(_clear_bss.o)
 .text.libgcc   0x000019aa       0x38 d:/winavr-20090313/bin/../lib/gcc/avr/4.3.2/avr4\libgcc.a(_prologue.o)
                0x000019aa                __prologue_saves__
 .text.libgcc   0x000019e2       0x36 d:/winavr-20090313/bin/../lib/gcc/avr/4.3.2/avr4\libgcc.a(_epilogue.o)
                0x000019e2                __epilogue_restores__
                0x00001a18                . = ALIGN (0x2)
 *(.fini9)
 .fini9         0x00001a18        0x0 d:/winavr-20090313/bin/../lib/gcc/avr/4.3.2/avr4\libgcc.a(_exit.o)
                0x00001a18                exit
                0x00001a18                _exit
 *(.fini9)
 *(.fini8)
 *(.fini8)
 *(.fini7)
 *(.fini7)
 *(.fini6)
 *(.fini6)
 *(.fini5)
 *(.fini5)
 *(.fini4)
 *(.fini4)
 *(.fini3)
 *(.fini3)
 *(.fini2)
 *(.fini2)
 *(.fini1)
 *(.fini1)
 *(.fini0)
 .fini0         0x00001a18        0x4 d:/winavr-20090313/bin/../lib/gcc/avr/4.3.2/avr4\libgcc.a(_exit.o)
 *(.fini0)
                0x00001a1c                _etext = .

.data           0x00800100      0x110 load address 0x00001a1c
                0x00800100                PROVIDE (__data_start, .)
 *(.data)
 .data          0x00800100        0x0 d:/winavr-20090313/bin/../lib/gcc/avr/4.3.2/../../../../avr/lib/avr4/crtm88.o
 .data          0x00800100        0x1 3964r.o
                0x00800100                priority
 .data          0x00800101        0x0 I2Cmaster.o
 .data          0x00800101        0x4 main.o
                0x00800103                NEED_RECEIVED
                0x00800104                debug
                0x00800101                Sens_0
                0x00800102                Sens_1
 .data          0x00800105        0x0 timer1.o
 .data          0x00800105        0x0 usart.o
 .data          0x00800105        0x2 watchdog.o
                0x00800105                timeout
 .data          0x00800107        0x0 DS7505.o
 .data          0x00800107        0x0 gestion_T.o
 .data          0x00800107        0x0 ADC.o
 .data          0x00800107        0x0 gestion_H.o
 .data          0x00800107        0x0 SHT21.o
 .data          0x00800107        0x0 gestion_P.o
 .data          0x00800107        0x0 gestion_A.o
 .data          0x00800107        0x0 d:/winavr-20090313/bin/../lib/gcc/avr/4.3.2/avr4\libgcc.a(_mulsi3.o)
 .data          0x00800107        0x0 d:/winavr-20090313/bin/../lib/gcc/avr/4.3.2/avr4\libgcc.a(_udivmodqi4.o)
 .data          0x00800107        0x0 d:/winavr-20090313/bin/../lib/gcc/avr/4.3.2/avr4\libgcc.a(_exit.o)
 .data          0x00800107        0x0 d:/winavr-20090313/bin/../lib/gcc/avr/4.3.2/avr4\libgcc.a(_copy_data.o)
 .data          0x00800107        0x0 d:/winavr-20090313/bin/../lib/gcc/avr/4.3.2/avr4\libgcc.a(_clear_bss.o)
 .data          0x00800107        0x0 d:/winavr-20090313/bin/../lib/gcc/avr/4.3.2/avr4\libgcc.a(_addsub_sf.o)
 .data          0x00800107        0x0 d:/winavr-20090313/bin/../lib/gcc/avr/4.3.2/avr4\libgcc.a(_mul_sf.o)
 .data          0x00800107        0x0 d:/winavr-20090313/bin/../lib/gcc/avr/4.3.2/avr4\libgcc.a(_si_to_sf.o)
 .data          0x00800107        0x0 d:/winavr-20090313/bin/../lib/gcc/avr/4.3.2/avr4\libgcc.a(_sf_to_si.o)
 .data          0x00800107        0x8 d:/winavr-20090313/bin/../lib/gcc/avr/4.3.2/avr4\libgcc.a(_thenan_sf.o)
                0x00800107                __thenan_sf
 .data          0x0080010f        0x0 d:/winavr-20090313/bin/../lib/gcc/avr/4.3.2/avr4\libgcc.a(_prologue.o)
 .data          0x0080010f        0x0 d:/winavr-20090313/bin/../lib/gcc/avr/4.3.2/avr4\libgcc.a(_epilogue.o)
 .data          0x0080010f        0x0 d:/winavr-20090313/bin/../lib/gcc/avr/4.3.2/avr4\libgcc.a(_clzsi2.o)
 .data          0x0080010f        0x0 d:/winavr-20090313/bin/../lib/gcc/avr/4.3.2/avr4\libgcc.a(_pack_sf.o)
 .data          0x0080010f        0x0 d:/winavr-20090313/bin/../lib/gcc/avr/4.3.2/avr4\libgcc.a(_unpack_sf.o)
 .data          0x0080010f      0x100 d:/winavr-20090313/bin/../lib/gcc/avr/4.3.2/avr4\libgcc.a(_clz.o)
                0x0080010f                __clz_tab
 .data          0x0080020f        0x0 d:/winavr-20090313/bin/../lib/gcc/avr/4.3.2/../../../../avr/lib/avr4\libc.a(memset.o)
 *(.data*)
 *(.rodata)
 *(.rodata*)
 *(.gnu.linkonce.d*)
                0x00800210                . = ALIGN (0x2)
 *fill*         0x0080020f        0x1 00
                0x00800210                _edata = .
                0x00800210                PROVIDE (__data_end, .)

.bss            0x00800210       0x55
                0x00800210                PROVIDE (__bss_start, .)
 *(.bss)
 .bss           0x00800210        0x0 d:/winavr-20090313/bin/../lib/gcc/avr/4.3.2/../../../../avr/lib/avr4/crtm88.o
 .bss           0x00800210        0x0 3964r.o
 .bss           0x00800210        0x0 I2Cmaster.o
 .bss           0x00800210        0x4 main.o
                0x00800211                datanumber
                0x00800213                ADC_Choice
                0x00800210                bufUSART_RX
 .bss           0x00800214        0x0 timer1.o
 .bss           0x00800214        0x0 usart.o
 .bss           0x00800214        0x0 watchdog.o
 .bss           0x00800214        0x0 DS7505.o
 .bss           0x00800214        0x0 gestion_T.o
 .bss           0x00800214        0x0 ADC.o
 .bss           0x00800214        0x0 gestion_H.o
 .bss           0x00800214        0x0 SHT21.o
 .bss           0x00800214        0x0 gestion_P.o
 .bss           0x00800214        0x0 gestion_A.o
 .bss           0x00800214        0x0 d:/winavr-20090313/bin/../lib/gcc/avr/4.3.2/avr4\libgcc.a(_mulsi3.o)
 .bss           0x00800214        0x0 d:/winavr-20090313/bin/../lib/gcc/avr/4.3.2/avr4\libgcc.a(_udivmodqi4.o)
 .bss           0x00800214        0x0 d:/winavr-20090313/bin/../lib/gcc/avr/4.3.2/avr4\libgcc.a(_exit.o)
 .bss           0x00800214        0x0 d:/winavr-20090313/bin/../lib/gcc/avr/4.3.2/avr4\libgcc.a(_copy_data.o)
 .bss           0x00800214        0x0 d:/winavr-20090313/bin/../lib/gcc/avr/4.3.2/avr4\libgcc.a(_clear_bss.o)
 .bss           0x00800214        0x0 d:/winavr-20090313/bin/../lib/gcc/avr/4.3.2/avr4\libgcc.a(_addsub_sf.o)
 .bss           0x00800214        0x0 d:/winavr-20090313/bin/../lib/gcc/avr/4.3.2/avr4\libgcc.a(_mul_sf.o)
 .bss           0x00800214        0x0 d:/winavr-20090313/bin/../lib/gcc/avr/4.3.2/avr4\libgcc.a(_si_to_sf.o)
 .bss           0x00800214        0x0 d:/winavr-20090313/bin/../lib/gcc/avr/4.3.2/avr4\libgcc.a(_sf_to_si.o)
 .bss           0x00800214        0x0 d:/winavr-20090313/bin/../lib/gcc/avr/4.3.2/avr4\libgcc.a(_thenan_sf.o)
 .bss           0x00800214        0x0 d:/winavr-20090313/bin/../lib/gcc/avr/4.3.2/avr4\libgcc.a(_prologue.o)
 .bss           0x00800214        0x0 d:/winavr-20090313/bin/../lib/gcc/avr/4.3.2/avr4\libgcc.a(_epilogue.o)
 .bss           0x00800214        0x0 d:/winavr-20090313/bin/../lib/gcc/avr/4.3.2/avr4\libgcc.a(_clzsi2.o)
 .bss           0x00800214        0x0 d:/winavr-20090313/bin/../lib/gcc/avr/4.3.2/avr4\libgcc.a(_pack_sf.o)
 .bss           0x00800214        0x0 d:/winavr-20090313/bin/../lib/gcc/avr/4.3.2/avr4\libgcc.a(_unpack_sf.o)
 .bss           0x00800214        0x0 d:/winavr-20090313/bin/../lib/gcc/avr/4.3.2/avr4\libgcc.a(_clz.o)
 .bss           0x00800214        0x0 d:/winavr-20090313/bin/../lib/gcc/avr/4.3.2/../../../../avr/lib/avr4\libc.a(memset.o)
 *(.bss*)
 *(COMMON)
 COMMON         0x00800214        0x7 3964r.o
                0x00800214                flag_usart
                0x00800215                tab_error_3964r
                0x0080021a                flag_timer1
 COMMON         0x0080021b       0x4a main.o
                0x0080021b                listTemp
                0x0080021e                TEMP1H
                0x0080021f                ADC1L
                0x00800220                IMP1H
                0x00800221                Result
                0x00800222                data_to_transmit
                0x00800224                HUM1L
                0x00800225                TEMP6H
                0x00800226                HUM2L
                0x00800227                TRANSMIT_STATUT
                0x00800228                TEMP7H
                0x00800229                TEMP7L
                0x0080022a                TEMP2H
                0x0080022b                TEMP8H
                0x0080022c                tempHum
                0x0080022d                TEMP5H
                0x0080022e                IMP2L
                0x0080022f                ADC2L
                0x00800230                ADCL_Temp
                0x00800231                TEMP8L
                0x00800232                ACCL
                0x00800233                ADC3H
                0x00800234                fonctionnement_RX
                0x00800235                ACCH
                0x00800236                ADC3L
                0x00800237                decalage
                0x00800238                ADC4H
                0x00800239                TEMP6L
                0x0080023a                ADC2H
                0x0080023b                data
                0x00800254                TEMP5L
                0x00800255                ADC1H
                0x00800256                numero_capteur
                0x00800257                IMP2H
                0x00800258                IMP1L
                0x00800259                ADCH_Temp
                0x0080025a                TEMP4L
                0x0080025b                ProfInit
                0x0080025d                HUM1H
                0x0080025e                TEMP4H
                0x0080025f                ADC4L
                0x00800260                TEMP3H
                0x00800261                TEMP1L
                0x00800262                TEMP2L
                0x00800263                TEMP3L
                0x00800264                HUM2H
                0x00800265                PROVIDE (__bss_end, .)
                0x00001a1c                __data_load_start = LOADADDR (.data)
                0x00001b2c                __data_load_end = (__data_load_start + SIZEOF (.data))

.noinit         0x00800265        0x0
                0x00800265                PROVIDE (__noinit_start, .)
 *(.noinit*)
                0x00800265                PROVIDE (__noinit_end, .)
                0x00800265                _end = .
                0x00800265                PROVIDE (__heap_start, .)

.eeprom         0x00810000        0x0
 *(.eeprom*)
                0x00810000                __eeprom_end = .

.fuse
 *(.fuse)
 *(.lfuse)
 *(.hfuse)
 *(.efuse)

.lock
 *(.lock*)

.signature
 *(.signature*)

.stab
 *(.stab)

.stabstr
 *(.stabstr)

.stab.excl
 *(.stab.excl)

.stab.exclstr
 *(.stab.exclstr)

.stab.index
 *(.stab.index)

.stab.indexstr
 *(.stab.indexstr)

.comment
 *(.comment)

.debug
 *(.debug)

.line
 *(.line)

.debug_srcinfo
 *(.debug_srcinfo)

.debug_sfnames
 *(.debug_sfnames)

.debug_aranges  0x00000000      0x1a0
 *(.debug_aranges)
 .debug_aranges
                0x00000000       0x20 3964r.o
 .debug_aranges
                0x00000020       0x20 I2Cmaster.o
 .debug_aranges
                0x00000040       0x20 main.o
 .debug_aranges
                0x00000060       0x20 timer1.o
 .debug_aranges
                0x00000080       0x20 usart.o
 .debug_aranges
                0x000000a0       0x20 watchdog.o
 .debug_aranges
                0x000000c0       0x20 DS7505.o
 .debug_aranges
                0x000000e0       0x20 gestion_T.o
 .debug_aranges
                0x00000100       0x20 ADC.o
 .debug_aranges
                0x00000120       0x20 gestion_H.o
 .debug_aranges
                0x00000140       0x20 SHT21.o
 .debug_aranges
                0x00000160       0x20 gestion_P.o
 .debug_aranges
                0x00000180       0x20 gestion_A.o

.debug_pubnames
                0x00000000      0x6af
 *(.debug_pubnames)
 .debug_pubnames
                0x00000000       0xb2 3964r.o
 .debug_pubnames
                0x000000b2       0x8d I2Cmaster.o
 .debug_pubnames
                0x0000013f      0x2db main.o
 .debug_pubnames
                0x0000041a       0x63 timer1.o
 .debug_pubnames
                0x0000047d       0x82 usart.o
 .debug_pubnames
                0x000004ff       0x3f watchdog.o
 .debug_pubnames
                0x0000053e       0x38 DS7505.o
 .debug_pubnames
                0x00000576       0x31 gestion_T.o
 .debug_pubnames
                0x000005a7       0x48 ADC.o
 .debug_pubnames
                0x000005ef       0x2f gestion_H.o
 .debug_pubnames
                0x0000061e       0x4a SHT21.o
 .debug_pubnames
                0x00000668       0x26 gestion_P.o
 .debug_pubnames
                0x0000068e       0x21 gestion_A.o

.debug_info     0x00000000     0x1426
 *(.debug_info)
 .debug_info    0x00000000      0x300 3964r.o
 .debug_info    0x00000300      0x196 I2Cmaster.o
 .debug_info    0x00000496      0x592 main.o
 .debug_info    0x00000a28       0xd9 timer1.o
 .debug_info    0x00000b01      0x1a7 usart.o
 .debug_info    0x00000ca8       0x9d watchdog.o
 .debug_info    0x00000d45      0x17f DS7505.o
 .debug_info    0x00000ec4       0xcb gestion_T.o
 .debug_info    0x00000f8f       0xdf ADC.o
 .debug_info    0x0000106e       0xbc gestion_H.o
 .debug_info    0x0000112a      0x1ed SHT21.o
 .debug_info    0x00001317       0x8f gestion_P.o
 .debug_info    0x000013a6       0x80 gestion_A.o
 *(.gnu.linkonce.wi.*)

.debug_abbrev   0x00000000      0x8f9
 *(.debug_abbrev)
 .debug_abbrev  0x00000000      0x187 3964r.o
 .debug_abbrev  0x00000187       0xbe I2Cmaster.o
 .debug_abbrev  0x00000245       0xe0 main.o
 .debug_abbrev  0x00000325       0x7d timer1.o
 .debug_abbrev  0x000003a2      0x10c usart.o
 .debug_abbrev  0x000004ae       0x57 watchdog.o
 .debug_abbrev  0x00000505       0xc8 DS7505.o
 .debug_abbrev  0x000005cd       0x8e gestion_T.o
 .debug_abbrev  0x0000065b       0x83 ADC.o
 .debug_abbrev  0x000006de       0x83 gestion_H.o
 .debug_abbrev  0x00000761       0xc8 SHT21.o
 .debug_abbrev  0x00000829       0x68 gestion_P.o
 .debug_abbrev  0x00000891       0x68 gestion_A.o

.debug_line     0x00000000     0x1744
 *(.debug_line)
 .debug_line    0x00000000      0x3fa 3964r.o
 .debug_line    0x000003fa      0x236 I2Cmaster.o
 .debug_line    0x00000630      0x5df main.o
 .debug_line    0x00000c0f       0xfc timer1.o
 .debug_line    0x00000d0b      0x16c usart.o
 .debug_line    0x00000e77       0xea watchdog.o
 .debug_line    0x00000f61      0x197 DS7505.o
 .debug_line    0x000010f8      0x120 gestion_T.o
 .debug_line    0x00001218      0x13d ADC.o
 .debug_line    0x00001355       0xb8 gestion_H.o
 .debug_line    0x0000140d      0x1dc SHT21.o
 .debug_line    0x000015e9       0xb3 gestion_P.o
 .debug_line    0x0000169c       0xa8 gestion_A.o

.debug_frame    0x00000000      0x380
 *(.debug_frame)
 .debug_frame   0x00000000       0x60 3964r.o
 .debug_frame   0x00000060       0x90 I2Cmaster.o
 .debug_frame   0x000000f0       0x50 main.o
 .debug_frame   0x00000140       0x50 timer1.o
 .debug_frame   0x00000190       0x60 usart.o
 .debug_frame   0x000001f0       0x30 watchdog.o
 .debug_frame   0x00000220       0x30 DS7505.o
 .debug_frame   0x00000250       0x30 gestion_T.o
 .debug_frame   0x00000280       0x50 ADC.o
 .debug_frame   0x000002d0       0x30 gestion_H.o
 .debug_frame   0x00000300       0x40 SHT21.o
 .debug_frame   0x00000340       0x20 gestion_P.o
 .debug_frame   0x00000360       0x20 gestion_A.o

.debug_str      0x00000000      0x73b
 *(.debug_str)
 .debug_str     0x00000000      0x14e 3964r.o
                                0x187 (size before relaxing)
 .debug_str     0x0000014e       0x7f I2Cmaster.o
                                0x153 (size before relaxing)
 .debug_str     0x000001cd      0x247 main.o
                                0x343 (size before relaxing)
 .debug_str     0x00000414       0x42 timer1.o
                                0x11d (size before relaxing)
 .debug_str     0x00000456       0x54 usart.o
                                0x13f (size before relaxing)
 .debug_str     0x000004aa       0x2f watchdog.o
                                 0xfe (size before relaxing)
 .debug_str     0x000004d9       0x77 DS7505.o
                                0x154 (size before relaxing)
 .debug_str     0x00000550       0xbe gestion_T.o
                                 0xd0 (size before relaxing)
 .debug_str     0x0000060e       0x4e ADC.o
                                0x122 (size before relaxing)
 .debug_str     0x0000065c       0x50 gestion_H.o
                                 0xcf (size before relaxing)
 .debug_str     0x000006ac       0x3f SHT21.o
                                0x160 (size before relaxing)
 .debug_str     0x000006eb       0x36 gestion_P.o
                                 0xb6 (size before relaxing)
 .debug_str     0x00000721       0x1a gestion_A.o
                                 0x91 (size before relaxing)

.debug_loc      0x00000000      0x921
 *(.debug_loc)
 .debug_loc     0x00000000      0x1f6 3964r.o
 .debug_loc     0x000001f6       0xbf I2Cmaster.o
 .debug_loc     0x000002b5       0x5a main.o
 .debug_loc     0x0000030f       0x18 timer1.o
 .debug_loc     0x00000327       0x86 usart.o
 .debug_loc     0x000003ad       0xc3 DS7505.o
 .debug_loc     0x00000470       0xc8 gestion_T.o
 .debug_loc     0x00000538       0x67 ADC.o
 .debug_loc     0x0000059f       0x92 gestion_H.o
 .debug_loc     0x00000631      0x138 SHT21.o
 .debug_loc     0x00000769      0x110 gestion_P.o
 .debug_loc     0x00000879       0xa8 gestion_A.o

.debug_macinfo
 *(.debug_macinfo)
OUTPUT(Carte_capteur.elf elf32-avr)
LOAD linker stubs
